
> thunderstream@0.1.4 test
> node --test tests/*.test.js

✔ localizedInboxUsesFolderType (2.165041ms)
✔ unifiedSelectionUsesOriginalAccount (0.484625ms)
✔ current account is marked and unified inbox comes first when Thunderbird shows unified folders (0.24125ms)
✔ no unified inbox command when Thunderbird has no unified folders (0.258416ms)
✔ navigation only changes the displayed folder of a mail tab (0.205792ms)
✔ tag navigation opens the virtual tag folder when the tags mode is on, else filters the current folder (0.198667ms)
✔ virtual folders are not offered as navigable when their folder-pane mode is off (native 157 failure) (0.227458ms)
✔ a tag folder that cannot be displayed falls back to filtering by tag (0.104042ms)
✔ a non-tag folder that cannot be displayed reports failure without side effects (0.329208ms)
✔ missingSidebarDisablesOnlySidebar (1.165458ms)
✔ stylesRemovedOnCleanup (0.256541ms)
✔ senderAndWarningsRemainVisible (2.060542ms)
✔ allFoldersRemainReachable (0.120458ms)
✔ densityChangesOnlyChrome (0.076292ms)
✔ native search and Send Later shortcuts are not claimed (8.168416ms)
✔ reply identity suggestion follows the recipient alias, not the account default (15.138292ms)
✔ background routes confirmed identity using original message (27.587625ms)
✔ background publishes archive failure outside compose popup (3.6185ms)
✔ settings reset does not depend on closed layout tab (1.368583ms)
✔ new persistent layout changes are gated until disable restoration is verified (2.625167ms)
✔ port requests reply on the port and tolerate a popup that already closed (N18) (5.276709ms)
✔ missingApiDisablesOnlyItsFeature (1.413625ms)
✔ broken version detection fails softly (0.257917ms)
✔ queryRanksCommonCommands (0.60825ms)
✔ paletteRetainsSourceTab (0.308959ms)
✔ disabledCommandDoesNotRun (0.0945ms)
✔ maliciousTextRendersAsText (0.065166ms)
✔ scope is the replied-to message plus referenced ancestors in the same folder (4.403584ms)
✔ scope never includes newer replies, other folders, or subject-only matches (0.39875ms)
✔ unreadable headers fall back to the replied-to message only and report incomplete (0.533833ms)
✔ Send & Archive archives the planned conversation once, after a confirmed send (1.225667ms)
✔ messages that arrive or move during sending do not change the archive set (0.239ms)
✔ unconfirmed send archives nothing from the conversation (0.209667ms)
✔ if the replied-to message moved during sending, nothing is archived and the user is told (0.172916ms)
✔ pagination uses captured query and label, not fresh UI input (5.132042ms)
✔ late old query cannot replace a new query session (0.192166ms)
✔ native viewer receives exact server bytes, no ambiguous header lookup (0.693042ms)
✔ failed metadata, changed account and incomplete bytes never open or imply empty results (0.251083ms)
✔ untrusted sender and another tab cannot read a search session (0.116583ms)
✔ disconnect invalidates previous read sessions (0.466584ms)
✔ Spam and Trash inclusion stays bound to the paginated search (0.196875ms)
✔ native disconnection rejects pending requests and does not retry (0.547791ms)
✔ a retired helper port cannot interrupt a replacement request (0.277833ms)
✔ sender chooser recovers and explains an unexpected port disconnect (9.081167ms)
✔ confirmed identity passed to native reply (13.712625ms)
✔ stale identity does not open compose (0.214084ms)
✔ confirmed identity passed to native forward (0.162208ms)
✔ reply suggestion is the identity the message was addressed to, even when it is not the account default (native 157 behaviour) (0.237ms)
✔ reply suggestion falls back to the message account default identity (0.144ms)
✔ recipient match in the message account wins over the same address elsewhere (0.120417ms)
✔ suggested identity is always passed explicitly to compose (0.147959ms)
✔ compose suggestion is the default identity of the displayed account (0.19975ms)
✔ no suggestion when the message cannot be read; list stays alphabetical (0.185875ms)
✔ nestedEditorIgnored (0.619791ms)
✔ imeIgnored (0.086834ms)
✔ modifierChordIgnored (0.072167ms)
✔ hashWithShiftRecognized (0.06875ms)
✔ unsupportedCommandNotConsumed (0.055125ms)
✔ active shadow editor ignored (0.055208ms)
✔ no selection prevents destructive key (0.0495ms)
✔ UK Mac Alt-produced hash can map to Trash in a verified profile (0.059958ms)
✔ restorePreservesLaterUserEdit (1.341625ms)
✔ applyTwicePreservesOriginal (1.2675ms)
✔ restore uses surviving tab when original tab disappears (0.627708ms)
✔ restore tracks panes separately for every changed tab (0.215625ms)
✔ restart preserves unresolved pane baselines and reports partial restore (4.057666ms)
✔ archive from a standalone message tab uses the displayed message (was no-selection natively) (2.989583ms)
✔ message tab that navigated to another message aborts instead of acting on it (0.700458ms)
✔ mail tab selection never silently falls back to displayed messages during validation (0.572167ms)
✔ message-display MessageList pages are followed (MV3 shape) (0.400958ms)
✔ tag list prefers messages.tags.list and avoids the deprecated listTags error (1.008084ms)
✔ manifest requests read-only tag listing used by messages.tags.list (4.400666ms)
✔ a compose tab with an attempted send reports locked so the popup cannot invite a retry (0.500834ms)
✔ SMTP rejection that resolves without a sent header never archives (observed natively on 157) (0.123833ms)
✔ palette error codes are shown as sentences, not raw identifiers (0.18275ms)
✔ compose init reports locked state from the background (12.47575ms)
✔ plain words search sender, recipients and subject (3.141167ms)
✔ one scoped field maps to that Quick Filter field (0.271292ms)
✔ flags and tags combine with text (0.241125ms)
✔ unsupported syntax is reported, never silently dropped (0.19225ms)
✔ two different text terms are unsupported because Quick Filter matches one text (0.287916ms)
✔ unknown tag is reported (0.20875ms)
✔ empty query applies nothing (0.1325ms)
✔ background search applies Quick Filter only to a mail tab and refuses unsupported syntax (18.564084ms)
✔ in a message tab, mail-tab-only commands and search are shown unavailable rather than failing (4.251416ms)
✔ consumeAllSelectionPages (1.994666ms)
✔ staleSelectionAborts (1.220792ms)
✔ missingMessageAborts (0.434833ms)
✔ stable list ID across pages is valid (0.251417ms)
✔ successfulImmediateSendArchivesOriginal (1.65825ms)
✔ failedSendDoesNotArchive (0.216791ms)
✔ queuedSendDoesNotArchive (0.118792ms)
✔ duplicateClickDoesNotSendTwice (6.997916ms)
✔ archiveFailureDoesNotResend (1.797292ms)
✔ missingRelatedMessageDisablesAction (0.116125ms)
✔ closedComposeStillUsesCapturedOriginal (0.135834ms)
✔ ambiguous success never archives (0.774083ms)
✔ send rejection remains locked until the compose tab closes (0.252333ms)
✔ ambiguous send cannot be retried automatically (0.163ms)
✔ offline action returns without attempting delivery or archiving (0.162791ms)
✔ going online permits an explicit retry of an unattempted offline action (0.269625ms)
✔ going offline while preparing the archive plan prevents delivery (0.482708ms)
✔ failure result survives a later successful compose operation (0.825083ms)
✔ duplicate invocation does not replace a send result (2.509833ms)
✔ simultaneous send results preserve both compose outcomes (0.492375ms)
✔ loadDefaults (1.651542ms)
✔ migrateInvalidSettings (2.174ms)
✔ save strips unsupported fields (1.374583ms)
✔ focused Leave unchanged discards its pending tag without submitting (8.742417ms)
✔ tagDeltaPreservesOtherTags (1.846875ms)
✔ removeTagNeverDeletes (0.527ms)
✔ deletedTagIsRejected (0.182333ms)
✔ tags read each header immediately before its write (0.441833ms)
✔ tag partial failure reports message outcomes (0.422667ms)
✔ archiveUsesNativeApi (3.363667ms)
✔ trashIsNotPermanent (1.486625ms)
✔ starUsesUniformSelectionTarget (1.076625ms)
✔ changed selection never mutates (1.012791ms)
✔ no trash folder aborts before any moves (0.505417ms)
✔ mixed star selection is starred uniformly (0.497792ms)
✔ mid-batch star failure reports completed and uncertain message IDs (1.170208ms)
✔ multi-account trash failure does not hide completed first account (0.238042ms)
✔ IME enter does not execute palette action (0.66725ms)
✔ IME enter and escape neither apply tags nor close picker (0.2415ms)
✔ normal Enter applies tags exactly once (0.075125ms)
✔ picker navigation skips disabled commands (0.8445ms)
✔ Enter on a tag row button leaves native button activation intact (0.0915ms)
✔ unsupportedVersionAttachesNothing (1.424958ms)
✔ partialAttachCleansUp (0.147334ms)
✔ repeatAttachDoesNotDuplicate (0.1305ms)
✔ shutdownRestoresNativeKeys (0.075416ms)
✔ untrustedSenderRejected (0.100333ms)
✔ planned native next and previous commands are allowlisted consistently (0.06025ms)
ℹ tests 133
ℹ suites 0
ℹ pass 133
ℹ fail 0
ℹ cancelled 0
ℹ skipped 0
ℹ todo 0
ℹ duration_ms 431.096584
