
> thunderstream@0.1.5 test
> node --test tests/*.test.js

✔ localizedInboxUsesFolderType (1.566ms)
✔ unifiedSelectionUsesOriginalAccount (0.656708ms)
✔ current account is marked and unified inbox comes first when Thunderbird shows unified folders (0.584375ms)
✔ no unified inbox command when Thunderbird has no unified folders (0.345125ms)
✔ navigation only changes the displayed folder of a mail tab (0.484333ms)
✔ tag navigation opens the virtual tag folder when the tags mode is on, else filters the current folder (0.358459ms)
✔ virtual folders are not offered as navigable when their folder-pane mode is off (native 157 failure) (1.687792ms)
✔ a tag folder that cannot be displayed falls back to filtering by tag (0.120417ms)
✔ a non-tag folder that cannot be displayed reports failure without side effects (0.090083ms)
✔ ordinary nested folders are discoverable with full path and account context (0.722042ms)
✔ native Favorites are ranked once including favorite special-use folders (0.544458ms)
✔ all-folder discovery excludes account roots and virtual tag/unified destinations (0.148208ms)
✔ an empty Favorite set retains every ordinary destination without duplicates (0.118791ms)
✔ unavailable Favorite discovery does not hide ordinary folders (0.764208ms)
✔ unavailable broad discovery preserves existing special-use destinations (0.162625ms)
✔ deleted or renamed destinations fail before changing the original tab (0.06925ms)
✔ fresh folder resolution must keep the captured account and exact folder identity (0.071833ms)
✔ an account root cannot become a navigation destination (0.046375ms)
✔ an explicitly unavailable destination cannot be opened directly (0.03475ms)
✔ unified mode turned off after palette initialization fails without changing modes (0.126ms)
✔ a tag destination whose mode was turned off uses the original-folder filter (0.088583ms)
✔ a removed virtual tag folder falls back to filtering without attempting display (0.224291ms)
✔ missingSidebarDisablesOnlySidebar (0.52325ms)
✔ stylesRemovedOnCleanup (0.102709ms)
✔ senderAndWarningsRemainVisible (1.631ms)
✔ allFoldersRemainReachable (0.103292ms)
✔ densityChangesOnlyChrome (0.073ms)
✔ native search and Send Later shortcuts are not claimed (6.511125ms)
✔ reply identity suggestion follows the recipient alias, not the account default (10.4255ms)
✔ background routes confirmed identity using original message (23.592167ms)
✔ background publishes archive failure outside compose popup (2.43675ms)
✔ settings reset does not depend on closed layout tab (3.041083ms)
✔ new persistent layout changes are gated until disable restoration is verified (1.456542ms)
✔ port requests reply on the port and tolerate a popup that already closed (N18) (3.171209ms)
✔ missingApiDisablesOnlyItsFeature (1.120583ms)
✔ broken version detection fails softly (0.147959ms)
✔ queryRanksCommonCommands (3.369ms)
✔ paletteRetainsSourceTab (0.7585ms)
✔ disabledCommandDoesNotRun (0.136958ms)
✔ maliciousTextRendersAsText (0.088208ms)
✔ scope is the replied-to message plus referenced ancestors in the same folder (3.055459ms)
✔ scope never includes newer replies, other folders, or subject-only matches (0.197542ms)
✔ unreadable headers fall back to the replied-to message only and report incomplete (0.13425ms)
✔ Send & Archive archives the planned conversation once, after a confirmed send (2.964666ms)
✔ messages that arrive or move during sending do not change the archive set (0.203625ms)
✔ unconfirmed send archives nothing from the conversation (0.160083ms)
✔ if the replied-to message moved during sending, nothing is archived and the user is told (0.138ms)
✔ pagination uses captured query and label, not fresh UI input (6.663375ms)
✔ late old query cannot replace a new query session (0.423667ms)
✔ native viewer receives exact server bytes, no ambiguous header lookup (0.986958ms)
✔ failed metadata, changed account and incomplete bytes never open or imply empty results (0.683291ms)
✔ untrusted sender and another tab cannot read a search session (0.121333ms)
✔ disconnect invalidates previous read sessions (0.115375ms)
✔ Spam and Trash inclusion stays bound to the paginated search (0.128167ms)
✔ native disconnection rejects pending requests and does not retry (1.044167ms)
✔ a retired helper port cannot interrupt a replacement request (0.344042ms)
✔ sender chooser recovers and explains an unexpected port disconnect (8.517958ms)
✔ confirmed identity passed to native reply (16.227792ms)
✔ stale identity does not open compose (0.229292ms)
✔ confirmed identity passed to native forward (0.162667ms)
✔ reply suggestion is the identity the message was addressed to, even when it is not the account default (native 157 behaviour) (0.422208ms)
✔ reply suggestion falls back to the message account default identity (0.477125ms)
✔ recipient match in the message account wins over the same address elsewhere (0.167042ms)
✔ suggested identity is always passed explicitly to compose (0.710583ms)
✔ compose suggestion is the default identity of the displayed account (0.379125ms)
✔ no suggestion when the message cannot be read; list stays alphabetical (0.668292ms)
✔ nestedEditorIgnored (0.604958ms)
✔ imeIgnored (0.079541ms)
✔ modifierChordIgnored (3.714917ms)
✔ hashWithShiftRecognized (0.080875ms)
✔ unsupportedCommandNotConsumed (0.06325ms)
✔ active shadow editor ignored (0.061542ms)
✔ no selection prevents destructive key (0.053917ms)
✔ UK Mac Alt-produced hash can map to Trash in a verified profile (0.091917ms)
✔ restorePreservesLaterUserEdit (1.217875ms)
✔ applyTwicePreservesOriginal (0.839167ms)
✔ restore uses surviving tab when original tab disappears (0.234792ms)
✔ restore tracks panes separately for every changed tab (0.224542ms)
✔ restart preserves unresolved pane baselines and reports partial restore (2.377333ms)
✔ archive from a standalone message tab uses the displayed message (was no-selection natively) (3.100041ms)
✔ message tab that navigated to another message aborts instead of acting on it (0.717125ms)
✔ mail tab selection never silently falls back to displayed messages during validation (0.596958ms)
✔ message-display MessageList pages are followed (MV3 shape) (0.160041ms)
✔ tag list prefers messages.tags.list and avoids the deprecated listTags error (0.668959ms)
✔ manifest requests read-only tag listing used by messages.tags.list (6.514958ms)
✔ a compose tab with an attempted send reports locked so the popup cannot invite a retry (1.074333ms)
✔ SMTP rejection that resolves without a sent header never archives (observed natively on 157) (0.277875ms)
✔ palette error codes are shown as sentences, not raw identifiers (0.559709ms)
✔ compose init reports locked state from the background (17.075167ms)
✔ plain words search sender, recipients and subject (1.535708ms)
✔ one scoped field maps to that Quick Filter field (0.092416ms)
✔ flags and tags combine with text (0.111791ms)
✔ unsupported syntax is reported, never silently dropped (0.117834ms)
✔ two different text terms are unsupported because Quick Filter matches one text (0.099ms)
✔ unknown tag is reported (0.055625ms)
✔ empty query applies nothing (0.054542ms)
✔ background search applies Quick Filter only to a mail tab and refuses unsupported syntax (15.591416ms)
✔ in a message tab, mail-tab-only commands and search are shown unavailable rather than failing (7.506416ms)
✔ consumeAllSelectionPages (1.968875ms)
✔ staleSelectionAborts (2.920708ms)
✔ missingMessageAborts (3.036125ms)
✔ stable list ID across pages is valid (1.018042ms)
✔ successfulImmediateSendArchivesOriginal (1.171959ms)
✔ failedSendDoesNotArchive (0.141958ms)
✔ queuedSendDoesNotArchive (0.102584ms)
✔ duplicateClickDoesNotSendTwice (4.078167ms)
✔ archiveFailureDoesNotResend (0.4155ms)
✔ missingRelatedMessageDisablesAction (0.08725ms)
✔ closedComposeStillUsesCapturedOriginal (0.121ms)
✔ ambiguous success never archives (0.088542ms)
✔ send rejection remains locked until the compose tab closes (0.180542ms)
✔ ambiguous send cannot be retried automatically (0.123792ms)
✔ offline action returns without attempting delivery or archiving (0.075167ms)
✔ going online permits an explicit retry of an unattempted offline action (0.099792ms)
✔ going offline while preparing the archive plan prevents delivery (0.074125ms)
✔ failure result survives a later successful compose operation (5.4245ms)
✔ duplicate invocation does not replace a send result (1.203417ms)
✔ simultaneous send results preserve both compose outcomes (0.190208ms)
✔ loadDefaults (1.323625ms)
✔ migrateInvalidSettings (1.045959ms)
✔ save strips unsupported fields (0.926666ms)
✔ focused Leave unchanged discards its pending tag without submitting (5.096875ms)
✔ tagDeltaPreservesOtherTags (1.125917ms)
✔ removeTagNeverDeletes (0.245833ms)
✔ deletedTagIsRejected (0.093334ms)
✔ tags read each header immediately before its write (0.163166ms)
✔ tag partial failure reports message outcomes (0.183917ms)
✔ archiveUsesNativeApi (1.175208ms)
✔ trashIsNotPermanent (0.34775ms)
✔ starUsesUniformSelectionTarget (0.170792ms)
✔ changed selection never mutates (0.118792ms)
✔ no trash folder aborts before any moves (0.11925ms)
✔ mixed star selection is starred uniformly (0.143292ms)
✔ mid-batch star failure reports completed and uncertain message IDs (0.320625ms)
✔ multi-account trash failure does not hide completed first account (0.171875ms)
✔ IME enter does not execute palette action (0.441208ms)
✔ IME enter and escape neither apply tags nor close picker (0.084333ms)
✔ normal Enter applies tags exactly once (0.064667ms)
✔ picker navigation skips disabled commands (0.533625ms)
✔ Enter on a tag row button leaves native button activation intact (0.100333ms)
✔ unsupportedVersionAttachesNothing (0.583875ms)
✔ partialAttachCleansUp (0.139417ms)
✔ repeatAttachDoesNotDuplicate (0.094125ms)
✔ shutdownRestoresNativeKeys (0.074125ms)
✔ untrustedSenderRejected (0.103709ms)
✔ planned native next and previous commands are allowlisted consistently (0.056375ms)
ℹ tests 146
ℹ suites 0
ℹ pass 146
ℹ fail 0
ℹ cancelled 0
ℹ skipped 0
ℹ todo 0
ℹ duration_ms 370.814917
