✔ localizedInboxUsesFolderType (1.603667ms)
✔ unifiedSelectionUsesOriginalAccount (0.289583ms)
✔ current account is marked and unified inbox comes first when Thunderbird shows unified folders (0.233209ms)
✔ no unified inbox command when Thunderbird has no unified folders (0.156833ms)
✔ navigation only changes the displayed folder of a mail tab (0.203959ms)
✔ tag navigation opens the virtual tag folder when the tags mode is on, else filters the current folder (0.157875ms)
✔ virtual folders are not offered as navigable when their folder-pane mode is off (native 157 failure) (0.655208ms)
✔ a tag folder that cannot be displayed falls back to filtering by tag (0.106167ms)
✔ a non-tag folder that cannot be displayed reports failure without side effects (0.087417ms)
✔ ordinary nested folders are discoverable with full path and account context (0.186042ms)
✔ native Favorites are ranked once including favorite special-use folders (0.254208ms)
✔ all-folder discovery excludes account roots and virtual tag/unified destinations (0.121875ms)
✔ an empty Favorite set retains every ordinary destination without duplicates (0.105042ms)
✔ unavailable Favorite discovery does not hide ordinary folders (0.108208ms)
✔ unavailable broad discovery preserves existing special-use destinations (0.134083ms)
✔ deleted or renamed destinations fail before changing the original tab (0.062042ms)
✔ fresh folder resolution must keep the captured account and exact folder identity (0.063958ms)
✔ an account root cannot become a navigation destination (0.0445ms)
✔ an explicitly unavailable destination cannot be opened directly (0.030875ms)
✔ unified mode turned off after palette initialization fails without changing modes (0.098708ms)
✔ a tag destination whose mode was turned off uses the original-folder filter (0.194416ms)
✔ a removed virtual tag folder falls back to filtering without attempting display (0.077667ms)
ℹ tests 22
ℹ suites 0
ℹ pass 22
ℹ fail 0
ℹ cancelled 0
ℹ skipped 0
ℹ todo 0
ℹ duration_ms 77.383083
