
> thunderstream@0.1.4 test
> node --test tests/*.test.js

✔ localizedInboxUsesFolderType (3.703917ms)
✔ unifiedSelectionUsesOriginalAccount (0.293208ms)
✔ current account is marked and unified inbox comes first when Thunderbird shows unified folders (0.385416ms)
✔ no unified inbox command when Thunderbird has no unified folders (0.34325ms)
✔ navigation only changes the displayed folder of a mail tab (0.25875ms)
✔ tag navigation opens the virtual tag folder when the tags mode is on, else filters the current folder (0.470708ms)
✔ virtual folders are not offered as navigable when their folder-pane mode is off (native 157 failure) (1.974667ms)
✔ a tag folder that cannot be displayed falls back to filtering by tag (0.39075ms)
✔ a non-tag folder that cannot be displayed reports failure without side effects (0.255042ms)
✔ ordinary nested folders are discoverable with full path and account context (0.466333ms)
✔ native Favorites are ranked once including favorite special-use folders (0.246875ms)
✔ all-folder discovery excludes account roots and virtual tag/unified destinations (0.34975ms)
✔ an empty Favorite set retains every ordinary destination without duplicates (0.324375ms)
✔ unavailable Favorite discovery does not hide ordinary folders (0.356209ms)
✔ unavailable broad discovery preserves existing special-use destinations (0.202917ms)
✔ deleted or renamed destinations fail before changing the original tab (0.0905ms)
✔ fresh folder resolution must keep the captured account and exact folder identity (0.078125ms)
✔ an account root cannot become a navigation destination (0.242833ms)
✔ an explicitly unavailable destination cannot be opened directly (0.114458ms)
✔ unified mode turned off after palette initialization fails without changing modes (0.329209ms)
✔ a tag destination whose mode was turned off uses the original-folder filter (0.25725ms)
✔ a removed virtual tag folder falls back to filtering without attempting display (0.210792ms)
✔ missingSidebarDisablesOnlySidebar (1.732167ms)
✔ stylesRemovedOnCleanup (0.317416ms)
✔ senderAndWarningsRemainVisible (1.602875ms)
✔ allFoldersRemainReachable (1.76075ms)
✔ densityChangesOnlyChrome (0.187083ms)
✔ native search and Send Later shortcuts are not claimed (7.055167ms)
✔ reply identity suggestion follows the recipient alias, not the account default (10.887334ms)
✔ background routes confirmed identity using original message (33.460458ms)
✔ background publishes archive failure outside compose popup (3.997083ms)
✔ settings reset does not depend on closed layout tab (2.436208ms)
✔ new persistent layout changes are gated until disable restoration is verified (2.864583ms)
✔ port requests reply on the port and tolerate a popup that already closed (N18) (2.047208ms)
✔ missingApiDisablesOnlyItsFeature (2.830791ms)
✔ broken version detection fails softly (0.2245ms)
✔ queryRanksCommonCommands (0.57075ms)
✔ paletteRetainsSourceTab (1.517125ms)
✔ disabledCommandDoesNotRun (0.306459ms)
✔ maliciousTextRendersAsText (0.08975ms)
✔ scope is the replied-to message plus referenced ancestors in the same folder (4.111291ms)
✔ scope never includes newer replies, other folders, or subject-only matches (0.433ms)
✔ unreadable headers fall back to the replied-to message only and report incomplete (0.2755ms)
✔ Send & Archive archives the planned conversation once, after a confirmed send (1.421458ms)
✔ messages that arrive or move during sending do not change the archive set (0.465041ms)
✔ unconfirmed send archives nothing from the conversation (0.521375ms)
✔ if the replied-to message moved during sending, nothing is archived and the user is told (0.492666ms)
✔ pagination uses captured query and label, not fresh UI input (5.374625ms)
✔ late old query cannot replace a new query session (0.183625ms)
✔ native viewer receives exact server bytes, no ambiguous header lookup (0.864292ms)
✔ failed metadata, changed account and incomplete bytes never open or imply empty results (0.212792ms)
✔ untrusted sender and another tab cannot read a search session (0.689833ms)
✔ disconnect invalidates previous read sessions (0.104292ms)
✔ Spam and Trash inclusion stays bound to the paginated search (0.542333ms)
✔ native disconnection rejects pending requests and does not retry (0.468208ms)
✔ a retired helper port cannot interrupt a replacement request (0.24125ms)
✔ sender chooser recovers and explains an unexpected port disconnect (7.859167ms)
✔ confirmed identity passed to native reply (15.2525ms)
✔ stale identity does not open compose (0.219875ms)
✔ confirmed identity passed to native forward (0.16875ms)
✔ reply suggestion is the identity the message was addressed to, even when it is not the account default (native 157 behaviour) (0.661375ms)
✔ reply suggestion falls back to the message account default identity (0.492666ms)
✔ recipient match in the message account wins over the same address elsewhere (0.521583ms)
✔ suggested identity is always passed explicitly to compose (0.463208ms)
✔ compose suggestion is the default identity of the displayed account (0.351917ms)
✔ no suggestion when the message cannot be read; list stays alphabetical (0.477541ms)
✔ nestedEditorIgnored (1.447583ms)
✔ imeIgnored (0.189708ms)
✔ modifierChordIgnored (0.229583ms)
✔ hashWithShiftRecognized (0.15825ms)
✔ unsupportedCommandNotConsumed (0.12875ms)
✔ active shadow editor ignored (0.12475ms)
✔ no selection prevents destructive key (0.11575ms)
✔ UK Mac Alt-produced hash can map to Trash in a verified profile (0.146083ms)
✔ restorePreservesLaterUserEdit (0.763291ms)
✔ applyTwicePreservesOriginal (0.151125ms)
✔ restore uses surviving tab when original tab disappears (0.134375ms)
✔ restore tracks panes separately for every changed tab (0.177125ms)
✔ restart preserves unresolved pane baselines and reports partial restore (2.167167ms)
✔ archive from a standalone message tab uses the displayed message (was no-selection natively) (2.711209ms)
✔ message tab that navigated to another message aborts instead of acting on it (0.462834ms)
✔ mail tab selection never silently falls back to displayed messages during validation (0.517834ms)
✔ message-display MessageList pages are followed (MV3 shape) (0.318875ms)
✔ tag list prefers messages.tags.list and avoids the deprecated listTags error (0.422708ms)
✔ manifest requests read-only tag listing used by messages.tags.list (6.534ms)
✔ a compose tab with an attempted send reports locked so the popup cannot invite a retry (1.690916ms)
✔ SMTP rejection that resolves without a sent header never archives (observed natively on 157) (0.18075ms)
✔ palette error codes are shown as sentences, not raw identifiers (0.186958ms)
✔ compose init reports locked state from the background (9.841583ms)
✔ plain words search sender, recipients and subject (2.575459ms)
✔ one scoped field maps to that Quick Filter field (0.1185ms)
✔ flags and tags combine with text (0.117334ms)
✔ unsupported syntax is reported, never silently dropped (0.1305ms)
✔ two different text terms are unsupported because Quick Filter matches one text (0.10625ms)
✔ unknown tag is reported (0.255458ms)
✔ empty query applies nothing (0.132292ms)
✔ background search applies Quick Filter only to a mail tab and refuses unsupported syntax (14.616042ms)
✔ in a message tab, mail-tab-only commands and search are shown unavailable rather than failing (2.742375ms)
✔ consumeAllSelectionPages (2.3585ms)
✔ staleSelectionAborts (1.161708ms)
✔ missingMessageAborts (0.36375ms)
✔ stable list ID across pages is valid (0.249875ms)
✔ successfulImmediateSendArchivesOriginal (1.115625ms)
✔ failedSendDoesNotArchive (0.1465ms)
✔ queuedSendDoesNotArchive (0.110708ms)
✔ duplicateClickDoesNotSendTwice (4.901625ms)
✔ archiveFailureDoesNotResend (0.559541ms)
✔ missingRelatedMessageDisablesAction (0.102042ms)
✔ closedComposeStillUsesCapturedOriginal (0.134083ms)
✔ ambiguous success never archives (0.098625ms)
✔ send rejection remains locked until the compose tab closes (0.1635ms)
✔ ambiguous send cannot be retried automatically (5.472542ms)
✔ offline action returns without attempting delivery or archiving (0.252542ms)
✔ going online permits an explicit retry of an unattempted offline action (0.300167ms)
✔ going offline while preparing the archive plan prevents delivery (0.297541ms)
✔ failure result survives a later successful compose operation (0.666916ms)
✔ duplicate invocation does not replace a send result (1.5435ms)
✔ simultaneous send results preserve both compose outcomes (0.443416ms)
✔ loadDefaults (1.215667ms)
✔ migrateInvalidSettings (1.026ms)
✔ save strips unsupported fields (6.863708ms)
✔ focused Leave unchanged discards its pending tag without submitting (6.106041ms)
✔ tagDeltaPreservesOtherTags (2.551ms)
✔ removeTagNeverDeletes (0.337417ms)
✔ deletedTagIsRejected (0.096541ms)
✔ tags read each header immediately before its write (0.26675ms)
✔ tag partial failure reports message outcomes (0.230958ms)
✔ archiveUsesNativeApi (2.109959ms)
✔ trashIsNotPermanent (0.834292ms)
✔ starUsesUniformSelectionTarget (0.223958ms)
✔ changed selection never mutates (0.158833ms)
✔ no trash folder aborts before any moves (0.196625ms)
✔ mixed star selection is starred uniformly (0.1505ms)
✔ mid-batch star failure reports completed and uncertain message IDs (0.206459ms)
✔ multi-account trash failure does not hide completed first account (0.675083ms)
✔ IME enter does not execute palette action (0.673666ms)
✔ IME enter and escape neither apply tags nor close picker (0.124583ms)
✔ normal Enter applies tags exactly once (0.073125ms)
✔ picker navigation skips disabled commands (0.594667ms)
✔ Enter on a tag row button leaves native button activation intact (0.0705ms)
✔ unsupportedVersionAttachesNothing (0.628667ms)
✔ partialAttachCleansUp (0.206209ms)
✔ repeatAttachDoesNotDuplicate (0.204792ms)
✔ shutdownRestoresNativeKeys (0.125375ms)
✔ untrustedSenderRejected (0.103917ms)
✔ planned native next and previous commands are allowlisted consistently (0.06575ms)
ℹ tests 146
ℹ suites 0
ℹ pass 146
ℹ fail 0
ℹ cancelled 0
ℹ skipped 0
ℹ todo 0
ℹ duration_ms 373.377916
