
> thunderstream@0.1.4 test
> node --test tests/*.test.js

✔ localizedInboxUsesFolderType (1.243458ms)
✔ unifiedSelectionUsesOriginalAccount (3.895791ms)
✔ current account is marked and unified inbox comes first when Thunderbird shows unified folders (0.920917ms)
✔ no unified inbox command when Thunderbird has no unified folders (0.409667ms)
✔ navigation only changes the displayed folder of a mail tab (0.229791ms)
✔ tag navigation opens the virtual tag folder when the tags mode is on, else filters the current folder (0.206958ms)
✔ virtual folders are not offered as navigable when their folder-pane mode is off (native 157 failure) (0.583916ms)
✔ a tag folder that cannot be displayed falls back to filtering by tag (1.38975ms)
✔ a non-tag folder that cannot be displayed reports failure without side effects (0.152583ms)
✔ ordinary nested folders are discoverable with full path and account context (0.2895ms)
✔ native Favorites are ranked once including favorite special-use folders (0.970833ms)
✔ all-folder discovery excludes account roots and virtual tag/unified destinations (0.428ms)
✔ an empty Favorite set retains every ordinary destination without duplicates (0.308625ms)
✔ unavailable Favorite discovery does not hide ordinary folders (0.356542ms)
✔ unavailable broad discovery preserves existing special-use destinations (0.189792ms)
✔ missingSidebarDisablesOnlySidebar (2.603ms)
✔ stylesRemovedOnCleanup (0.4145ms)
✔ senderAndWarningsRemainVisible (4.706625ms)
✔ allFoldersRemainReachable (0.221584ms)
✔ densityChangesOnlyChrome (1.78275ms)
✔ native search and Send Later shortcuts are not claimed (11.35925ms)
✔ reply identity suggestion follows the recipient alias, not the account default (18.338667ms)
✔ background routes confirmed identity using original message (30.15475ms)
✔ background publishes archive failure outside compose popup (6.467625ms)
✔ settings reset does not depend on closed layout tab (7.137458ms)
✔ new persistent layout changes are gated until disable restoration is verified (10.837ms)
✔ port requests reply on the port and tolerate a popup that already closed (N18) (16.191875ms)
✔ missingApiDisablesOnlyItsFeature (1.464ms)
✔ broken version detection fails softly (0.169833ms)
✔ queryRanksCommonCommands (2.273208ms)
✔ paletteRetainsSourceTab (0.292292ms)
✔ disabledCommandDoesNotRun (0.365833ms)
✔ maliciousTextRendersAsText (0.159625ms)
✔ scope is the replied-to message plus referenced ancestors in the same folder (6.807959ms)
✔ scope never includes newer replies, other folders, or subject-only matches (0.411ms)
✔ unreadable headers fall back to the replied-to message only and report incomplete (0.297292ms)
✔ Send & Archive archives the planned conversation once, after a confirmed send (2.813583ms)
✔ messages that arrive or move during sending do not change the archive set (0.204334ms)
✔ unconfirmed send archives nothing from the conversation (0.257542ms)
✔ if the replied-to message moved during sending, nothing is archived and the user is told (0.139792ms)
✔ pagination uses captured query and label, not fresh UI input (8.95625ms)
✔ late old query cannot replace a new query session (1.199458ms)
✔ native viewer receives exact server bytes, no ambiguous header lookup (2.71125ms)
✔ failed metadata, changed account and incomplete bytes never open or imply empty results (0.392166ms)
✔ untrusted sender and another tab cannot read a search session (0.133833ms)
✔ disconnect invalidates previous read sessions (1.077458ms)
✔ Spam and Trash inclusion stays bound to the paginated search (0.4285ms)
✔ native disconnection rejects pending requests and does not retry (1.607958ms)
✔ a retired helper port cannot interrupt a replacement request (2.678167ms)
✔ sender chooser recovers and explains an unexpected port disconnect (24.193959ms)
✔ confirmed identity passed to native reply (41.423458ms)
✔ stale identity does not open compose (3.985833ms)
✔ confirmed identity passed to native forward (0.507542ms)
✔ reply suggestion is the identity the message was addressed to, even when it is not the account default (native 157 behaviour) (0.566292ms)
✔ reply suggestion falls back to the message account default identity (0.408875ms)
✔ recipient match in the message account wins over the same address elsewhere (1.13325ms)
✔ suggested identity is always passed explicitly to compose (0.435208ms)
✔ compose suggestion is the default identity of the displayed account (0.157625ms)
✔ no suggestion when the message cannot be read; list stays alphabetical (0.226417ms)
✔ nestedEditorIgnored (2.111208ms)
✔ imeIgnored (1.35225ms)
✔ modifierChordIgnored (1.05425ms)
✔ hashWithShiftRecognized (0.099958ms)
✔ unsupportedCommandNotConsumed (0.061709ms)
✔ active shadow editor ignored (0.05575ms)
✔ no selection prevents destructive key (0.050125ms)
✔ UK Mac Alt-produced hash can map to Trash in a verified profile (0.060292ms)
✔ restorePreservesLaterUserEdit (1.422333ms)
✔ applyTwicePreservesOriginal (0.223042ms)
✔ restore uses surviving tab when original tab disappears (0.165583ms)
✔ restore tracks panes separately for every changed tab (0.343ms)
✔ restart preserves unresolved pane baselines and reports partial restore (7.18275ms)
✔ archive from a standalone message tab uses the displayed message (was no-selection natively) (2.672459ms)
✔ message tab that navigated to another message aborts instead of acting on it (0.379833ms)
✔ mail tab selection never silently falls back to displayed messages during validation (0.684083ms)
✔ message-display MessageList pages are followed (MV3 shape) (0.455916ms)
✔ tag list prefers messages.tags.list and avoids the deprecated listTags error (1.393708ms)
✔ manifest requests read-only tag listing used by messages.tags.list (5.246625ms)
✔ a compose tab with an attempted send reports locked so the popup cannot invite a retry (2.178416ms)
✔ SMTP rejection that resolves without a sent header never archives (observed natively on 157) (0.142292ms)
✔ palette error codes are shown as sentences, not raw identifiers (0.182ms)
✔ compose init reports locked state from the background (7.678041ms)
✔ plain words search sender, recipients and subject (2.70575ms)
✔ one scoped field maps to that Quick Filter field (0.299084ms)
✔ flags and tags combine with text (0.460291ms)
✔ unsupported syntax is reported, never silently dropped (0.338959ms)
✔ two different text terms are unsupported because Quick Filter matches one text (0.244125ms)
✔ unknown tag is reported (0.154041ms)
✔ empty query applies nothing (0.123834ms)
✔ background search applies Quick Filter only to a mail tab and refuses unsupported syntax (30.477208ms)
✔ in a message tab, mail-tab-only commands and search are shown unavailable rather than failing (22.056708ms)
✔ consumeAllSelectionPages (2.125375ms)
✔ staleSelectionAborts (0.421167ms)
✔ missingMessageAborts (0.141667ms)
✔ stable list ID across pages is valid (0.100917ms)
✔ successfulImmediateSendArchivesOriginal (2.460583ms)
✔ failedSendDoesNotArchive (0.445792ms)
✔ queuedSendDoesNotArchive (0.65075ms)
✔ duplicateClickDoesNotSendTwice (4.355875ms)
✔ archiveFailureDoesNotResend (0.577834ms)
✔ missingRelatedMessageDisablesAction (0.089375ms)
✔ closedComposeStillUsesCapturedOriginal (0.138084ms)
✔ ambiguous success never archives (0.094542ms)
✔ send rejection remains locked until the compose tab closes (0.161209ms)
✔ ambiguous send cannot be retried automatically (0.1545ms)
✔ offline action returns without attempting delivery or archiving (0.09125ms)
✔ going online permits an explicit retry of an unattempted offline action (0.118583ms)
✔ going offline while preparing the archive plan prevents delivery (0.595625ms)
✔ failure result survives a later successful compose operation (0.7845ms)
✔ duplicate invocation does not replace a send result (1.996708ms)
✔ simultaneous send results preserve both compose outcomes (0.223417ms)
✔ loadDefaults (1.327542ms)
✔ migrateInvalidSettings (0.481333ms)
✔ save strips unsupported fields (0.514542ms)
✔ focused Leave unchanged discards its pending tag without submitting (7.53825ms)
✔ tagDeltaPreservesOtherTags (2.399542ms)
✔ removeTagNeverDeletes (0.235459ms)
✔ deletedTagIsRejected (0.084542ms)
✔ tags read each header immediately before its write (0.167916ms)
✔ tag partial failure reports message outcomes (0.174709ms)
✔ archiveUsesNativeApi (2.00275ms)
✔ trashIsNotPermanent (0.490708ms)
✔ starUsesUniformSelectionTarget (0.509792ms)
✔ changed selection never mutates (0.454625ms)
✔ no trash folder aborts before any moves (0.228125ms)
✔ mixed star selection is starred uniformly (0.442208ms)
✔ mid-batch star failure reports completed and uncertain message IDs (0.742042ms)
✔ multi-account trash failure does not hide completed first account (1.067291ms)
✔ IME enter does not execute palette action (1.399583ms)
✔ IME enter and escape neither apply tags nor close picker (0.131875ms)
✔ normal Enter applies tags exactly once (0.073875ms)
✔ picker navigation skips disabled commands (1.496708ms)
✔ Enter on a tag row button leaves native button activation intact (0.190916ms)
✔ unsupportedVersionAttachesNothing (0.876833ms)
✔ partialAttachCleansUp (0.184792ms)
✔ repeatAttachDoesNotDuplicate (0.098125ms)
✔ shutdownRestoresNativeKeys (0.071917ms)
✔ untrustedSenderRejected (0.216625ms)
✔ planned native next and previous commands are allowlisted consistently (0.212959ms)
ℹ tests 139
ℹ suites 0
ℹ pass 139
ℹ fail 0
ℹ cancelled 0
ℹ skipped 0
ℹ todo 0
ℹ duration_ms 577.034
