
> thunderstream@0.1.6 test
> node --test tests/*.test.js

✔ localizedInboxUsesFolderType (2.869667ms)
✔ unifiedSelectionUsesOriginalAccount (0.509ms)
✔ current account is marked and unified inbox comes first when Thunderbird shows unified folders (4.827959ms)
✔ no unified inbox command when Thunderbird has no unified folders (0.386667ms)
✔ navigation only changes the displayed folder of a mail tab (0.548917ms)
✔ tag navigation opens the virtual tag folder when the tags mode is on, else filters the current folder (0.368625ms)
✔ virtual folders are not offered as navigable when their folder-pane mode is off (native 157 failure) (1.47375ms)
✔ a tag folder that cannot be displayed falls back to filtering by tag (0.38125ms)
✔ a non-tag folder that cannot be displayed reports failure without side effects (0.098708ms)
✔ ordinary nested folders are discoverable with full path and account context (2.704166ms)
✔ native Favorites are ranked once including favorite special-use folders (0.604958ms)
✔ all-folder discovery excludes account roots and virtual tag/unified destinations (0.861292ms)
✔ an empty Favorite set retains every ordinary destination without duplicates (0.42175ms)
✔ unavailable Favorite discovery does not hide ordinary folders (0.925083ms)
✔ unavailable broad discovery preserves existing special-use destinations (0.462208ms)
✔ deleted or renamed destinations fail before changing the original tab (0.2035ms)
✔ fresh folder resolution must keep the captured account and exact folder identity (0.222ms)
✔ an account root cannot become a navigation destination (0.129625ms)
✔ an explicitly unavailable destination cannot be opened directly (0.085666ms)
✔ unified mode turned off after palette initialization fails without changing modes (0.272083ms)
✔ a tag destination whose mode was turned off uses the original-folder filter (0.336833ms)
✔ a removed virtual tag folder falls back to filtering without attempting display (0.358209ms)
✔ missingSidebarDisablesOnlySidebar (1.48175ms)
✔ stylesRemovedOnCleanup (0.496958ms)
✔ senderAndWarningsRemainVisible (4.461625ms)
✔ allFoldersRemainReachable (0.775375ms)
✔ densityChangesOnlyChrome (0.259917ms)
✔ native search and Send Later shortcuts are not claimed (12.350208ms)
✔ reply identity suggestion follows the recipient alias, not the account default (23.749208ms)
✔ background routes confirmed identity using original message (33.389458ms)
✔ background publishes archive failure outside compose popup (2.596917ms)
✔ settings reset does not depend on closed layout tab (3.0695ms)
✔ new persistent layout changes are gated until disable restoration is verified (1.394541ms)
✔ port requests reply on the port and tolerate a popup that already closed (N18) (4.155916ms)
✔ missingApiDisablesOnlyItsFeature (0.576583ms)
✔ broken version detection fails softly (0.123291ms)
✔ queryRanksCommonCommands (0.648917ms)
✔ paletteRetainsSourceTab (0.252042ms)
✔ disabledCommandDoesNotRun (0.082167ms)
✔ maliciousTextRendersAsText (0.0675ms)
✔ scope is the replied-to message plus referenced ancestors in the same folder (7.642416ms)
✔ scope never includes newer replies, other folders, or subject-only matches (0.436625ms)
✔ unreadable headers fall back to the replied-to message only and report incomplete (0.324417ms)
✔ Send & Archive archives the planned conversation once, after a confirmed send (6.943208ms)
✔ messages that arrive or move during sending do not change the archive set (0.395166ms)
✔ unconfirmed send archives nothing from the conversation (0.231583ms)
✔ if the replied-to message moved during sending, nothing is archived and the user is told (0.473125ms)
✔ search preview shows exact literal query and returned label scope (13.476917ms)
✔ operator suggestion appends without replacing selected literal text or searching (3.747167ms)
✔ operator suggestion preserves existing trailing whitespace and offers editable operators (8.402291ms)
✔ date suggestions append chosen date and do not alter scope (5.84125ms)
✔ suggestion clears a pending search and discards its late response (5.030042ms)
✔ scope edit clears results and hides pagination while retaining the literal query (1.932083ms)
✔ suggestions respect composition and become available after composition ends (2.166875ms)
✔ suggestions refuse over-limit queries without losing text or cancelling results (1.496792ms)
✔ disconnected page disables suggestions and date controls (0.641125ms)
✔ pagination uses captured query and label, not fresh UI input (5.712875ms)
✔ late old query cannot replace a new query session (0.221709ms)
✔ native viewer receives exact server bytes, no ambiguous header lookup (1.965041ms)
✔ failed metadata, changed account and incomplete bytes never open or imply empty results (0.927791ms)
✔ untrusted sender and another tab cannot read a search session (0.845833ms)
✔ disconnect invalidates previous read sessions (0.13675ms)
✔ Spam and Trash inclusion stays bound to the paginated search (0.129ms)
✔ native disconnection rejects pending requests and does not retry (0.4765ms)
✔ a retired helper port cannot interrupt a replacement request (0.301167ms)
✔ sender chooser recovers and explains an unexpected port disconnect (8.484667ms)
✔ confirmed identity passed to native reply (11.268083ms)
✔ stale identity does not open compose (0.481125ms)
✔ confirmed identity passed to native forward (0.370625ms)
✔ reply suggestion is the identity the message was addressed to, even when it is not the account default (native 157 behaviour) (0.402875ms)
✔ reply suggestion falls back to the message account default identity (0.154792ms)
✔ recipient match in the message account wins over the same address elsewhere (0.126166ms)
✔ suggested identity is always passed explicitly to compose (0.1575ms)
✔ compose suggestion is the default identity of the displayed account (0.116667ms)
✔ no suggestion when the message cannot be read; list stays alphabetical (0.161458ms)
✔ nestedEditorIgnored (1.055667ms)
✔ imeIgnored (0.204792ms)
✔ modifierChordIgnored (0.225375ms)
✔ hashWithShiftRecognized (0.084042ms)
✔ unsupportedCommandNotConsumed (0.06ms)
✔ active shadow editor ignored (0.054625ms)
✔ no selection prevents destructive key (0.043333ms)
✔ UK Mac Alt-produced hash can map to Trash in a verified profile (0.056791ms)
✔ restorePreservesLaterUserEdit (1.360458ms)
✔ applyTwicePreservesOriginal (0.546625ms)
✔ restore uses surviving tab when original tab disappears (0.154375ms)
✔ restore tracks panes separately for every changed tab (0.28125ms)
✔ restart preserves unresolved pane baselines and reports partial restore (1.578125ms)
✔ archive from a standalone message tab uses the displayed message (was no-selection natively) (1.186291ms)
✔ message tab that navigated to another message aborts instead of acting on it (0.444833ms)
✔ mail tab selection never silently falls back to displayed messages during validation (0.260792ms)
✔ message-display MessageList pages are followed (MV3 shape) (0.122083ms)
✔ tag list prefers messages.tags.list and avoids the deprecated listTags error (0.565584ms)
✔ manifest requests read-only tag listing used by messages.tags.list (9.581333ms)
✔ a compose tab with an attempted send reports locked so the popup cannot invite a retry (0.777791ms)
✔ SMTP rejection that resolves without a sent header never archives (observed natively on 157) (0.381458ms)
✔ palette error codes are shown as sentences, not raw identifiers (0.25475ms)
✔ compose init reports locked state from the background (8.894209ms)
✔ plain words search sender, recipients and subject (3.520792ms)
✔ one scoped field maps to that Quick Filter field (0.135667ms)
✔ flags and tags combine with text (0.131709ms)
✔ unsupported syntax is reported, never silently dropped (0.166667ms)
✔ two different text terms are unsupported because Quick Filter matches one text (0.143333ms)
✔ unknown tag is reported (0.065916ms)
✔ empty query applies nothing (0.054917ms)
✔ background search applies Quick Filter only to a mail tab and refuses unsupported syntax (20.096833ms)
✔ in a message tab, mail-tab-only commands and search are shown unavailable rather than failing (2.664583ms)
✔ consumeAllSelectionPages (2.198875ms)
✔ staleSelectionAborts (0.459125ms)
✔ missingMessageAborts (0.147542ms)
✔ stable list ID across pages is valid (0.100875ms)
✔ successfulImmediateSendArchivesOriginal (3.14975ms)
✔ failedSendDoesNotArchive (0.290917ms)
✔ queuedSendDoesNotArchive (0.117917ms)
✔ duplicateClickDoesNotSendTwice (4.576375ms)
✔ archiveFailureDoesNotResend (0.221583ms)
✔ missingRelatedMessageDisablesAction (0.07975ms)
✔ closedComposeStillUsesCapturedOriginal (0.788083ms)
✔ ambiguous success never archives (0.147708ms)
✔ send rejection remains locked until the compose tab closes (0.197583ms)
✔ ambiguous send cannot be retried automatically (0.611375ms)
✔ offline action returns without attempting delivery or archiving (0.288542ms)
✔ going online permits an explicit retry of an unattempted offline action (0.281458ms)
✔ going offline while preparing the archive plan prevents delivery (0.201541ms)
✔ failure result survives a later successful compose operation (1.082ms)
✔ duplicate invocation does not replace a send result (1.160834ms)
✔ simultaneous send results preserve both compose outcomes (0.200125ms)
✔ loadDefaults (0.498708ms)
✔ migrateInvalidSettings (0.48325ms)
✔ save strips unsupported fields (1.4855ms)
✔ focused Leave unchanged discards its pending tag without submitting (5.661916ms)
✔ tagDeltaPreservesOtherTags (2.807125ms)
✔ removeTagNeverDeletes (0.344166ms)
✔ deletedTagIsRejected (0.08975ms)
✔ tags read each header immediately before its write (0.53775ms)
✔ tag partial failure reports message outcomes (0.548209ms)
✔ archiveUsesNativeApi (1.314042ms)
✔ trashIsNotPermanent (0.354584ms)
✔ starUsesUniformSelectionTarget (0.471458ms)
✔ changed selection never mutates (0.136792ms)
✔ no trash folder aborts before any moves (0.129125ms)
✔ mixed star selection is starred uniformly (0.126833ms)
✔ mid-batch star failure reports completed and uncertain message IDs (0.670833ms)
✔ multi-account trash failure does not hide completed first account (0.226542ms)
✔ IME enter does not execute palette action (0.784708ms)
✔ IME enter and escape neither apply tags nor close picker (0.103167ms)
✔ normal Enter applies tags exactly once (0.067209ms)
✔ picker navigation skips disabled commands (0.640458ms)
✔ Enter on a tag row button leaves native button activation intact (0.076791ms)
✔ unsupportedVersionAttachesNothing (0.469709ms)
✔ partialAttachCleansUp (0.488958ms)
✔ repeatAttachDoesNotDuplicate (0.107ms)
✔ shutdownRestoresNativeKeys (0.075208ms)
✔ untrustedSenderRejected (0.092084ms)
✔ planned native next and previous commands are allowlisted consistently (0.09625ms)
ℹ tests 155
ℹ suites 0
ℹ pass 155
ℹ fail 0
ℹ cancelled 0
ℹ skipped 0
ℹ todo 0
ℹ duration_ms 525.632542
