
> thunderstream@0.1.7 test
> node --test tests/*.test.js

✔ localizedInboxUsesFolderType (4.010916ms)
✔ unifiedSelectionUsesOriginalAccount (0.62325ms)
✔ current account is marked and unified inbox comes first when Thunderbird shows unified folders (0.852ms)
✔ no unified inbox command when Thunderbird has no unified folders (0.366834ms)
✔ navigation only changes the displayed folder of a mail tab (0.2665ms)
✔ tag navigation opens the virtual tag folder when the tags mode is on, else filters the current folder (0.19125ms)
✔ virtual folders are not offered as navigable when their folder-pane mode is off (native 157 failure) (1.236458ms)
✔ a tag folder that cannot be displayed falls back to filtering by tag (0.1125ms)
✔ a non-tag folder that cannot be displayed reports failure without side effects (0.096084ms)
✔ ordinary nested folders are discoverable with full path and account context (1.512125ms)
✔ native Favorites are ranked once including favorite special-use folders (0.252458ms)
✔ all-folder discovery excludes account roots and virtual tag/unified destinations (0.720792ms)
✔ an empty Favorite set retains every ordinary destination without duplicates (0.315667ms)
✔ unavailable Favorite discovery does not hide ordinary folders (0.336292ms)
✔ unavailable broad discovery preserves existing special-use destinations (0.271ms)
✔ deleted or renamed destinations fail before changing the original tab (0.078375ms)
✔ fresh folder resolution must keep the captured account and exact folder identity (0.086ms)
✔ an account root cannot become a navigation destination (0.066916ms)
✔ an explicitly unavailable destination cannot be opened directly (0.195959ms)
✔ unified mode turned off after palette initialization fails without changing modes (0.166791ms)
✔ a tag destination whose mode was turned off uses the original-folder filter (0.098ms)
✔ a removed virtual tag folder falls back to filtering without attempting display (0.077083ms)
✔ missingSidebarDisablesOnlySidebar (1.446833ms)
✔ stylesRemovedOnCleanup (0.367916ms)
✔ senderAndWarningsRemainVisible (1.986541ms)
✔ allFoldersRemainReachable (0.122209ms)
✔ densityChangesOnlyChrome (0.074542ms)
✔ native search and Send Later shortcuts are not claimed (4.600125ms)
✔ reply identity suggestion follows the recipient alias, not the account default (14.563625ms)
✔ background routes confirmed identity using original message (27.711875ms)
✔ background publishes archive failure outside compose popup (5.259541ms)
✔ settings reset does not depend on closed layout tab (1.997958ms)
✔ new persistent layout changes are gated until disable restoration is verified (1.769084ms)
✔ port requests reply on the port and tolerate a popup that already closed (N18) (1.886292ms)
✔ missingApiDisablesOnlyItsFeature (1.073958ms)
✔ broken version detection fails softly (0.776125ms)
✔ queryRanksCommonCommands (1.122958ms)
✔ paletteRetainsSourceTab (0.28175ms)
✔ disabledCommandDoesNotRun (0.279291ms)
✔ maliciousTextRendersAsText (0.107833ms)
✔ scope is the replied-to message plus referenced ancestors in the same folder (7.210083ms)
✔ scope never includes newer replies, other folders, or subject-only matches (1.164959ms)
✔ unreadable headers fall back to the replied-to message only and report incomplete (0.219208ms)
✔ Send & Archive archives the planned conversation once, after a confirmed send (0.923292ms)
✔ messages that arrive or move during sending do not change the archive set (0.218541ms)
✔ unconfirmed send archives nothing from the conversation (1.779917ms)
✔ if the replied-to message moved during sending, nothing is archived and the user is told (0.25975ms)
✔ search preview shows exact literal query and returned label scope (9.522166ms)
✔ operator suggestion appends without replacing selected literal text or searching (2.340708ms)
✔ operator suggestion preserves existing trailing whitespace and offers editable operators (1.433333ms)
✔ date suggestions append chosen date and do not alter scope (5.7975ms)
✔ suggestion clears a pending search and discards its late response (3.37625ms)
✔ scope edit clears results and hides pagination while retaining the literal query (2.895ms)
✔ suggestions respect composition and become available after composition ends (5.811791ms)
✔ suggestions refuse over-limit queries without losing text or cancelling results (3.117ms)
✔ disconnected page disables suggestions and date controls (0.780875ms)
✔ pagination uses captured query and label, not fresh UI input (3.661417ms)
✔ late old query cannot replace a new query session (0.216291ms)
✔ native viewer receives exact server bytes, no ambiguous header lookup (0.79375ms)
✔ failed metadata, changed account and incomplete bytes never open or imply empty results (0.191292ms)
✔ untrusted sender and another tab cannot read a search session (0.102ms)
✔ disconnect invalidates previous read sessions (0.144625ms)
✔ Spam and Trash inclusion stays bound to the paginated search (0.135334ms)
✔ native disconnection rejects pending requests and does not retry (2.470291ms)
✔ a retired helper port cannot interrupt a replacement request (0.763375ms)
✔ sender chooser recovers and explains an unexpected port disconnect (5.721333ms)
✔ sender chooser exposes address account and suggestion as separate inert text (1.237875ms)
✔ confirmed identity passed to native reply (13.42875ms)
✔ stale identity does not open compose (0.329875ms)
✔ confirmed identity passed to native forward (0.216166ms)
✔ reply suggestion is the identity the message was addressed to, even when it is not the account default (native 157 behaviour) (0.176ms)
✔ reply suggestion falls back to the message account default identity (0.538875ms)
✔ recipient match in the message account wins over the same address elsewhere (0.14725ms)
✔ suggested identity is always passed explicitly to compose (0.161083ms)
✔ compose suggestion is the default identity of the displayed account (0.565875ms)
✔ no suggestion when the message cannot be read; list stays alphabetical (0.179542ms)
✔ quoted display name cannot impersonate another configured recipient address (0.205541ms)
✔ flattened native group recipients preserve message-account identity priority (0.129125ms)
✔ all To Cc and Bcc mailboxes are parsed before matching the message account (0.129417ms)
✔ native parser failure uses account default instead of guessing a recipient (0.114458ms)
✔ unavailable mailbox parser keeps explicit choices and uses the account default (0.183792ms)
✔ missing parsed email never matches an empty configured identity (0.099541ms)
✔ nestedEditorIgnored (1.068541ms)
✔ imeIgnored (0.097542ms)
✔ modifierChordIgnored (0.241875ms)
✔ hashWithShiftRecognized (0.177875ms)
✔ unsupportedCommandNotConsumed (0.192542ms)
✔ active shadow editor ignored (0.074125ms)
✔ no selection prevents destructive key (0.057708ms)
✔ UK Mac Alt-produced hash can map to Trash in a verified profile (0.067625ms)
✔ restorePreservesLaterUserEdit (0.670542ms)
✔ applyTwicePreservesOriginal (0.151542ms)
✔ restore uses surviving tab when original tab disappears (0.136917ms)
✔ restore tracks panes separately for every changed tab (0.179333ms)
✔ restart preserves unresolved pane baselines and reports partial restore (1.255417ms)
✔ archive from a standalone message tab uses the displayed message (was no-selection natively) (1.350708ms)
✔ message tab that navigated to another message aborts instead of acting on it (0.129167ms)
✔ mail tab selection never silently falls back to displayed messages during validation (0.195583ms)
✔ message-display MessageList pages are followed (MV3 shape) (0.105458ms)
✔ tag list prefers messages.tags.list and avoids the deprecated listTags error (0.398542ms)
✔ manifest requests read-only tag listing used by messages.tags.list (4.816916ms)
✔ a compose tab with an attempted send reports locked so the popup cannot invite a retry (0.400458ms)
✔ SMTP rejection that resolves without a sent header never archives (observed natively on 157) (0.111292ms)
✔ palette error codes are shown as sentences, not raw identifiers (0.195ms)
✔ compose init reports locked state from the background (8.15575ms)
✔ plain words search sender, recipients and subject (1.59725ms)
✔ one scoped field maps to that Quick Filter field (0.107792ms)
✔ flags and tags combine with text (0.115916ms)
✔ unsupported syntax is reported, never silently dropped (0.126125ms)
✔ two different text terms are unsupported because Quick Filter matches one text (0.110584ms)
✔ unknown tag is reported (0.059833ms)
✔ empty query applies nothing (0.053208ms)
✔ background search applies Quick Filter only to a mail tab and refuses unsupported syntax (11.2805ms)
✔ in a message tab, mail-tab-only commands and search are shown unavailable rather than failing (1.880583ms)
✔ consumeAllSelectionPages (0.947333ms)
✔ staleSelectionAborts (0.422209ms)
✔ missingMessageAborts (0.138166ms)
✔ stable list ID across pages is valid (0.098208ms)
✔ successfulImmediateSendArchivesOriginal (3.828167ms)
✔ failedSendDoesNotArchive (0.202125ms)
✔ queuedSendDoesNotArchive (0.220542ms)
✔ duplicateClickDoesNotSendTwice (7.784708ms)
✔ archiveFailureDoesNotResend (0.440833ms)
✔ missingRelatedMessageDisablesAction (0.202958ms)
✔ closedComposeStillUsesCapturedOriginal (0.261333ms)
✔ ambiguous success never archives (0.214709ms)
✔ send rejection remains locked until the compose tab closes (0.367042ms)
✔ ambiguous send cannot be retried automatically (0.3605ms)
✔ offline action returns without attempting delivery or archiving (0.249417ms)
✔ going online permits an explicit retry of an unattempted offline action (0.218917ms)
✔ going offline while preparing the archive plan prevents delivery (0.118041ms)
✔ failure result survives a later successful compose operation (3.445834ms)
✔ duplicate invocation does not replace a send result (3.106292ms)
✔ simultaneous send results preserve both compose outcomes (0.186708ms)
✔ loadDefaults (0.477166ms)
✔ migrateInvalidSettings (0.405084ms)
✔ save strips unsupported fields (1.532375ms)
✔ focused Leave unchanged discards its pending tag without submitting (3.035791ms)
✔ tagDeltaPreservesOtherTags (2.265208ms)
✔ removeTagNeverDeletes (0.24875ms)
✔ deletedTagIsRejected (0.234666ms)
✔ tags read each header immediately before its write (0.270792ms)
✔ tag partial failure reports message outcomes (0.595042ms)
✔ archiveUsesNativeApi (1.102666ms)
✔ trashIsNotPermanent (0.469292ms)
✔ starUsesUniformSelectionTarget (0.257ms)
✔ changed selection never mutates (0.170917ms)
✔ no trash folder aborts before any moves (0.252166ms)
✔ mixed star selection is starred uniformly (0.398875ms)
✔ mid-batch star failure reports completed and uncertain message IDs (0.253125ms)
✔ multi-account trash failure does not hide completed first account (0.247166ms)
✔ IME enter does not execute palette action (0.546875ms)
✔ IME enter and escape neither apply tags nor close picker (0.210916ms)
✔ normal Enter applies tags exactly once (0.078667ms)
✔ picker navigation skips disabled commands (0.884791ms)
✔ Enter on a tag row button leaves native button activation intact (0.081833ms)
✔ unsupportedVersionAttachesNothing (0.640917ms)
✔ partialAttachCleansUp (0.154208ms)
✔ repeatAttachDoesNotDuplicate (0.1245ms)
✔ shutdownRestoresNativeKeys (0.0715ms)
✔ untrustedSenderRejected (0.088333ms)
✔ planned native next and previous commands are allowlisted consistently (0.058916ms)
ℹ tests 162
ℹ suites 0
ℹ pass 162
ℹ fail 0
ℹ cancelled 0
ℹ skipped 0
ℹ todo 0
ℹ duration_ms 374.896458
