
> thunderstream@0.1.10 test
> node --test tests/*.test.js

✔ manager renders inert names and explicit unavailable membership (14.521209ms)
✔ manager creates a group from checked native account IDs (2.037792ms)
✔ manager edits live membership and deletes by canonical group ID (1.027458ms)
✔ manager failure retains edit values and allows retry (3.149709ms)
✔ manager account-list failure disables saves and reports reason (0.983708ms)
✔ palette group change preserves query and uses the new token (2.149167ms)
✔ failed palette group switch restores selector and old usable token (3.607333ms)
✔ palette manager opens against captured palette context (2.221875ms)
✔ All accounts is the initial scope and retains native unified navigation (20.43775ms)
✔ selecting a group filters folder destinations and revokes the earlier token (5.366084ms)
✔ saved group is restored on next palette and All accounts can be restored explicitly (4.27275ms)
✔ grouped navigation uses the original mail tab and exact returned folder ID (3.033833ms)
✔ group changes in another window do not retarget an already open All palette (4.619333ms)
✔ deleted saved group warns and falls back to All accounts (5.077417ms)
✔ group with no remaining accounts warns and falls back to All accounts (1.47ms)
✔ partly removed group retains only live accounts and exposes its missing membership (1.670083ms)
✔ missing group request cannot change persisted preference or current palette token (1.776292ms)
✔ editing group membership invalidates a stale grouped navigation request (2.2905ms)
✔ group manager returns account names and strips extra stored fields (1.10075ms)
✔ saving a named group stores only validated membership without overwriting other settings (1.085625ms)
✔ empty or unknown account membership is rejected without a saved group (1.2715ms)
✔ reserved duplicate and overlong group names are rejected (1.657125ms)
✔ concurrent creates retain both groups (3.276166ms)
✔ deleting the selected group restores All and preserves other groups (2.966792ms)
✔ settings reset clears groups and selection along with extension settings (3.211417ms)
✔ account listing failure keeps ordinary palette actions usable with an explicit warning (1.270292ms)
✔ accounts disappearing during a group switch preserve the old selection and token (1.551875ms)
✔ group switches and commands cannot overlap within one palette session (1.353042ms)
✔ grouped tag destinations use current-folder filters instead of cross-account virtual folders (1.932708ms)
✔ edited groups do not block original-selection mail actions (1.389125ms)
✔ account-list outage does not block captured mail actions in grouped palette (1.301292ms)
✔ manager membership edits serialize behind an in-flight grouped native navigation (22.353792ms)
✔ localizedInboxUsesFolderType (1.369042ms)
✔ unifiedSelectionUsesOriginalAccount (0.276458ms)
✔ current account is marked and unified inbox comes first when Thunderbird shows unified folders (0.306292ms)
✔ no unified inbox command when Thunderbird has no unified folders (0.296792ms)
✔ navigation only changes the displayed folder of a mail tab (0.358917ms)
✔ tag navigation opens the virtual tag folder when the tags mode is on, else filters the current folder (0.2265ms)
✔ virtual folders are not offered as navigable when their folder-pane mode is off (native 157 failure) (0.952291ms)
✔ a tag folder that cannot be displayed falls back to filtering by tag (0.106ms)
✔ a non-tag folder that cannot be displayed reports failure without side effects (2.402667ms)
✔ ordinary nested folders are discoverable with full path and account context (0.925375ms)
✔ native Favorites are ranked once including favorite special-use folders (0.197708ms)
✔ all-folder discovery excludes account roots and virtual tag/unified destinations (0.130375ms)
✔ an empty Favorite set retains every ordinary destination without duplicates (0.117583ms)
✔ unavailable Favorite discovery does not hide ordinary folders (0.129834ms)
✔ unavailable broad discovery preserves existing special-use destinations (4.003916ms)
✔ deleted or renamed destinations fail before changing the original tab (0.119291ms)
✔ fresh folder resolution must keep the captured account and exact folder identity (0.09325ms)
✔ an account root cannot become a navigation destination (0.087958ms)
✔ an explicitly unavailable destination cannot be opened directly (0.06975ms)
✔ unified mode turned off after palette initialization fails without changing modes (0.8835ms)
✔ a tag destination whose mode was turned off uses the original-folder filter (2.5035ms)
✔ a removed virtual tag folder falls back to filtering without attempting display (0.149292ms)
✔ missingSidebarDisablesOnlySidebar (1.923584ms)
✔ stylesRemovedOnCleanup (0.336666ms)
✔ senderAndWarningsRemainVisible (0.760375ms)
✔ allFoldersRemainReachable (0.278083ms)
✔ densityChangesOnlyChrome (0.090791ms)
✔ native search and Send Later shortcuts are not claimed (5.575792ms)
✔ reply identity suggestion follows the recipient alias, not the account default (9.373625ms)
✔ background routes confirmed identity using original message (19.705292ms)
✔ background publishes archive failure outside compose popup (7.548291ms)
✔ settings reset does not depend on closed layout tab (3.443708ms)
✔ new persistent layout changes are gated until disable restoration is verified (7.915333ms)
✔ port requests reply on the port and tolerate a popup that already closed (N18) (11.708084ms)
✔ missingApiDisablesOnlyItsFeature (0.570458ms)
✔ broken version detection fails softly (0.117125ms)
✔ queryRanksCommonCommands (0.536458ms)
✔ paletteRetainsSourceTab (0.239042ms)
✔ disabledCommandDoesNotRun (0.083417ms)
✔ maliciousTextRendersAsText (0.065959ms)
✔ scope is the replied-to message plus referenced ancestors in the same folder (2.967417ms)
✔ scope never includes newer replies, other folders, or subject-only matches (0.360083ms)
✔ unreadable headers fall back to the replied-to message only and report incomplete (0.280542ms)
✔ Send & Archive archives the planned conversation once, after a confirmed send (0.705042ms)
✔ messages that arrive or move during sending do not change the archive set (0.386416ms)
✔ unconfirmed send archives nothing from the conversation (0.34875ms)
✔ if the replied-to message moved during sending, nothing is archived and the user is told (0.172708ms)
✔ search preview shows exact literal query and returned label scope (8.858625ms)
✔ operator suggestion appends without replacing selected literal text or searching (1.745125ms)
✔ operator suggestion preserves existing trailing whitespace and offers editable operators (4.757959ms)
✔ date suggestions append chosen date and do not alter scope (6.183375ms)
✔ suggestion clears a pending search and discards its late response (1.438541ms)
✔ scope edit clears results and hides pagination while retaining the literal query (1.187375ms)
✔ suggestions respect composition and become available after composition ends (1.769292ms)
✔ suggestions refuse over-limit queries without losing text or cancelling results (2.029583ms)
✔ disconnected page disables suggestions and date controls (1.942375ms)
✔ pagination uses captured query and label, not fresh UI input (5.36075ms)
✔ late old query cannot replace a new query session (0.170291ms)
✔ native viewer receives exact server bytes, no ambiguous header lookup (0.874417ms)
✔ failed metadata, changed account and incomplete bytes never open or imply empty results (0.200041ms)
✔ untrusted sender and another tab cannot read a search session (0.102958ms)
✔ disconnect invalidates previous read sessions (0.354541ms)
✔ Spam and Trash inclusion stays bound to the paginated search (0.349458ms)
✔ native disconnection rejects pending requests and does not retry (0.424292ms)
✔ a retired helper port cannot interrupt a replacement request (0.454083ms)
✔ sender chooser recovers and explains an unexpected port disconnect (4.248041ms)
✔ sender chooser exposes address account and suggestion as separate inert text (0.648958ms)
✔ confirmed identity passed to native reply (9.944625ms)
✔ stale identity does not open compose (0.438084ms)
✔ confirmed identity passed to native forward (0.681958ms)
✔ reply suggestion is the identity the message was addressed to, even when it is not the account default (native 157 behaviour) (0.627708ms)
✔ reply suggestion falls back to the message account default identity (0.509209ms)
✔ recipient match in the message account wins over the same address elsewhere (0.355042ms)
✔ suggested identity is always passed explicitly to compose (0.465958ms)
✔ compose suggestion is the default identity of the displayed account (0.674333ms)
✔ no suggestion when the message cannot be read; list stays alphabetical (2.806542ms)
✔ quoted display name cannot impersonate another configured recipient address (0.214708ms)
✔ flattened native group recipients preserve message-account identity priority (0.110084ms)
✔ all To Cc and Bcc mailboxes are parsed before matching the message account (0.0995ms)
✔ native parser failure uses account default instead of guessing a recipient (0.100167ms)
✔ unavailable mailbox parser keeps explicit choices and uses the account default (0.147333ms)
✔ missing parsed email never matches an empty configured identity (0.074083ms)
✔ nestedEditorIgnored (0.490458ms)
✔ imeIgnored (0.06325ms)
✔ modifierChordIgnored (0.075042ms)
✔ hashWithShiftRecognized (0.059334ms)
✔ unsupportedCommandNotConsumed (0.0485ms)
✔ active shadow editor ignored (0.0515ms)
✔ no selection prevents destructive key (0.041583ms)
✔ UK Mac Alt-produced hash can map to Trash in a verified profile (0.053292ms)
✔ restorePreservesLaterUserEdit (0.73425ms)
✔ applyTwicePreservesOriginal (0.150292ms)
✔ restore uses surviving tab when original tab disappears (0.139375ms)
✔ restore tracks panes separately for every changed tab (0.174ms)
✔ restart preserves unresolved pane baselines and reports partial restore (1.266625ms)
✔ archive from a standalone message tab uses the displayed message (was no-selection natively) (1.134042ms)
✔ message tab that navigated to another message aborts instead of acting on it (0.121ms)
✔ mail tab selection never silently falls back to displayed messages during validation (0.190459ms)
✔ message-display MessageList pages are followed (MV3 shape) (0.103959ms)
✔ tag list prefers messages.tags.list and avoids the deprecated listTags error (0.253625ms)
✔ manifest requests read-only tag listing used by messages.tags.list (3.73625ms)
✔ a compose tab with an attempted send reports locked so the popup cannot invite a retry (0.412791ms)
✔ SMTP rejection that resolves without a sent header never archives (observed natively on 157) (0.116708ms)
✔ palette error codes are shown as sentences, not raw identifiers (0.161833ms)
✔ compose init reports locked state from the background (9.378875ms)
✔ launch captures original window and opens a tab with an ephemeral token (10.239375ms)
✔ list returns selected and unique same-folder references as metadata only (4.153084ms)
✔ exact selected reference opens by native ID in the captured window (0.4215ms)
✔ changed source selection rejects launching a stale palette (0.128625ms)
✔ multiple selected messages do not launch an inferred conversation (0.099791ms)
✔ getHeaders absence gates the view without a body fallback (0.070917ms)
✔ external or accountless anchor is rejected (0.09275ms)
✔ reference query verifies exact folder account and RFC header instead of trusting returned matches (0.223792ms)
✔ duplicate exact header matches are ambiguous and excluded (0.18125ms)
✔ pagination checks later duplicate and aborts outstanding cursor (0.254916ms)
✔ pagination failure after a first match does not claim a unique result (1.340417ms)
✔ offline anchor headers retain selected message with an explicit unavailable count (0.496959ms)
✔ newer unrelated same-subject messages are never queried or included (0.480667ms)
✔ header bound reports truncation and queries only the latest fifty unique IDs (4.738125ms)
✔ moved or reused anchor is rejected before metadata or opening (0.372667ms)
✔ opening must be initialized and limited to the returned allowlist (0.911416ms)
✔ moved reference cannot open even when its transient ID still resolves (0.277333ms)
✔ new duplicate reference invalidates a previously unique choice (0.210625ms)
✔ source selection change after launch does not retarget the anchored list (0.177542ms)
✔ wrong tab or window cannot use another navigator token (0.077916ms)
✔ expired or closed navigator session cannot list or open (0.107542ms)
✔ native open failure permits retry without claiming success (0.176667ms)
✔ concurrent native open is rejected while the first request is pending (0.127167ms)
✔ navigator closed during header read discards metadata (0.42275ms)
✔ background palette gates references and uses captured window for the new view (7.1515ms)
✔ target moved during unique reference lookup is rechecked before native open (0.225375ms)
✔ initial page request waits for native tab creation before checking owner (0.126958ms)
✔ query page bound aborts an incomplete lookup instead of claiming missing (0.133083ms)
✔ direct parent remains inside the reference limit regardless of native header property order (0.296625ms)
✔ source tab closure leaves the explicitly anchored navigator usable (0.083792ms)
✔ navigator expires during a lookup and returns no usable metadata (0.105709ms)
✔ other extension page cannot use the reference token even in the same owner tab (0.063667ms)
✔ reference page exposes original account folder and separate inert message metadata (43.993208ms)
✔ native open uses the clicked item ID and retains the page on success (2.934042ms)
✔ open failure restores native buttons for retry (1.645291ms)
✔ reference issue counts and selected-only empty state are explicit (1.134708ms)
✔ refresh recovers after init failure without enabling unseen actions (0.737416ms)
✔ stale target disables cached opens until a successful refresh (0.678208ms)
✔ missing page token gives a reopen message without a runtime request (0.42525ms)
✔ unreadable anchor headers show an unknown-list warning without inventing a reference count (6.041625ms)
✔ plain words search sender, recipients and subject (1.80375ms)
✔ one scoped field maps to that Quick Filter field (0.261292ms)
✔ flags and tags combine with text (0.265542ms)
✔ unsupported syntax is reported, never silently dropped (0.288416ms)
✔ two different text terms are unsupported because Quick Filter matches one text (0.223416ms)
✔ unknown tag is reported (0.130625ms)
✔ empty query applies nothing (0.123ms)
✔ background search applies Quick Filter only to a mail tab and refuses unsupported syntax (9.197459ms)
✔ in a message tab, mail-tab-only commands and search are shown unavailable rather than failing (3.190875ms)
✔ consumeAllSelectionPages (0.8625ms)
✔ staleSelectionAborts (0.397042ms)
✔ missingMessageAborts (0.140042ms)
✔ stable list ID across pages is valid (0.096292ms)
✔ successfulImmediateSendArchivesOriginal (1.80775ms)
✔ failedSendDoesNotArchive (0.167042ms)
✔ queuedSendDoesNotArchive (0.133459ms)
✔ duplicateClickDoesNotSendTwice (7.775291ms)
✔ archiveFailureDoesNotResend (0.192583ms)
✔ missingRelatedMessageDisablesAction (0.076166ms)
✔ closedComposeStillUsesCapturedOriginal (0.138417ms)
✔ ambiguous success never archives (0.1255ms)
✔ send rejection remains locked until the compose tab closes (0.161583ms)
✔ ambiguous send cannot be retried automatically (0.193083ms)
✔ offline action returns without attempting delivery or archiving (0.072041ms)
✔ going online permits an explicit retry of an unattempted offline action (0.1065ms)
✔ going offline while preparing the archive plan prevents delivery (0.477958ms)
✔ closing during details preparation never attempts send (0.463291ms)
✔ closing during original preparation never attempts send (0.143333ms)
✔ closing during references preparation never attempts send (0.147875ms)
✔ removed compose with rejected preparation reports no send attempt (0.068709ms)
✔ removed compose stays locked until in-flight sending confirms then archives captured original (0.105667ms)
✔ removed compose with rejected in-flight send never archives or retries (0.06775ms)
✔ removed compose with archive failure reports sent outcome without resending (0.154083ms)
✔ failure result survives a later successful compose operation (1.136042ms)
✔ duplicate invocation does not replace a send result (1.963417ms)
✔ simultaneous send results preserve both compose outcomes (1.369833ms)
✔ closed compose result tells the user no sending was attempted (0.18ms)
✔ loadDefaults (0.458417ms)
✔ migrateInvalidSettings (0.393417ms)
✔ save strips unsupported fields (0.957541ms)
✔ focused Leave unchanged discards its pending tag without submitting (3.104459ms)
✔ tagDeltaPreservesOtherTags (1.020083ms)
✔ removeTagNeverDeletes (0.193375ms)
✔ deletedTagIsRejected (0.074ms)
✔ tags read each header immediately before its write (0.197125ms)
✔ tag partial failure reports message outcomes (0.181875ms)
✔ archiveUsesNativeApi (1.107333ms)
✔ trashIsNotPermanent (0.290666ms)
✔ starUsesUniformSelectionTarget (0.165125ms)
✔ changed selection never mutates (0.104917ms)
✔ no trash folder aborts before any moves (0.115833ms)
✔ mixed star selection is starred uniformly (0.120167ms)
✔ mid-batch star failure reports completed and uncertain message IDs (0.190958ms)
✔ multi-account trash failure does not hide completed first account (0.191916ms)
✔ IME enter does not execute palette action (0.433375ms)
✔ IME enter and escape neither apply tags nor close picker (0.084958ms)
✔ normal Enter applies tags exactly once (0.067ms)
✔ picker navigation skips disabled commands (0.275875ms)
✔ Enter on a tag row button leaves native button activation intact (0.076167ms)
✔ account selector retains native arrow keys without palette navigation (0.052958ms)
✔ unsupportedVersionAttachesNothing (0.395042ms)
✔ partialAttachCleansUp (0.141583ms)
✔ repeatAttachDoesNotDuplicate (0.094416ms)
✔ shutdownRestoresNativeKeys (0.072166ms)
✔ untrustedSenderRejected (0.087375ms)
✔ planned native next and previous commands are allowlisted consistently (0.058458ms)
ℹ tests 243
ℹ suites 0
ℹ pass 243
ℹ fail 0
ℹ cancelled 0
ℹ skipped 0
ℹ todo 0
ℹ duration_ms 401.941709
