✔ successfulImmediateSendArchivesOriginal (1.851125ms)
✔ failedSendDoesNotArchive (0.16825ms)
✔ queuedSendDoesNotArchive (0.109667ms)
✔ duplicateClickDoesNotSendTwice (3.040375ms)
✔ archiveFailureDoesNotResend (0.160875ms)
✔ missingRelatedMessageDisablesAction (0.071375ms)
✔ closedComposeStillUsesCapturedOriginal (0.104917ms)
✔ ambiguous success never archives (0.082292ms)
✔ send rejection remains locked until the compose tab closes (0.140917ms)
✔ ambiguous send cannot be retried automatically (0.123708ms)
✔ offline action returns without attempting delivery or archiving (0.068125ms)
✔ going online permits an explicit retry of an unattempted offline action (0.104625ms)
✔ going offline while preparing the archive plan prevents delivery (0.069833ms)
✔ closing during details preparation never attempts send (0.117833ms)
✔ closing during original preparation never attempts send (0.036958ms)
✔ closing during references preparation never attempts send (0.111208ms)
✔ removed compose with rejected preparation reports no send attempt (0.049583ms)
✔ removed compose stays locked until in-flight sending confirms then archives captured original (0.085917ms)
✔ removed compose with rejected in-flight send never archives or retries (0.057292ms)
✔ removed compose with archive failure reports sent outcome without resending (0.071375ms)
✔ failure result survives a later successful compose operation (0.913458ms)
✔ duplicate invocation does not replace a send result (0.860625ms)
✔ simultaneous send results preserve both compose outcomes (0.181917ms)
✔ closed compose result tells the user no sending was attempted (0.179666ms)
ℹ tests 24
ℹ suites 0
ℹ pass 24
ℹ fail 0
ℹ cancelled 0
ℹ skipped 0
ℹ todo 0
ℹ duration_ms 64.633459
