13:03:19 fixture listening on 127.0.0.1:2525 (SMTP) and 127.0.0.1:1110 (POP3)
13:06:48 POP RETR 01-triage-1.eml
13:06:48 POP RETR 02-triage-2.eml
13:06:48 POP RETR 03-triage-3.eml
13:06:48 POP RETR 04-alias-1.eml
13:06:48 POP RETR 05-thread-1.eml
13:06:48 POP RETR 06-thread-2.eml
13:06:48 POP RETR 07-thread-3.eml
13:06:48 POP RETR 08-sa-1.eml
13:06:48 POP RETR 09-tag-1.eml
13:12:04 SMTP DATA mode=accept from=<alias@ts.test> BODY=8BITMIME rcpt=<peer@fixture.ts.test> bytes=578
13:12:04 SMTP STORED 1791029524.812-102909f0.eml
13:13:04 SMTP DATA mode=accept from=<primary@ts.test> BODY=8BITMIME rcpt=<peer@fixture.ts.test> bytes=559
13:13:04 SMTP STORED 1791029584.335-91e1074d.eml
13:13:28 SMTP DATA mode=reject from=<primary@ts.test> BODY=8BITMIME rcpt=<peer@fixture.ts.test> bytes=530
13:13:57 SMTP DATA mode=accept from=<primary@ts.test> BODY=8BITMIME rcpt=<peer@fixture.ts.test> bytes=530
13:13:57 SMTP STORED 1791029637.490-5dfddbe5.eml
13:15:48 SMTP DATA mode=accept from=<primary@ts.test> BODY=8BITMIME rcpt=<peer@fixture.ts.test> bytes=406
13:15:48 SMTP STORED 1791029748.122-dfd6091d.eml
13:33:24 fixture listening on 127.0.0.1:2525 (SMTP) and 127.0.0.1:1110 (POP3)
13:57:26 POP RETR r2-01-triage-1.eml
13:57:26 POP RETR r2-02-triage-2.eml
13:57:26 POP RETR r2-03-triage-3.eml
13:57:26 POP RETR r2-04-alias-1.eml
13:57:26 POP RETR r2-05-thread-1.eml
13:57:26 POP RETR r2-06-thread-2.eml
13:57:26 POP RETR r2-07-thread-3.eml
13:57:26 POP RETR r2-08-sa-1.eml
13:57:26 POP RETR r2-09-tag-1.eml
14:01:16 SMTP DATA mode=reject from=<primary@ts.test> BODY=8BITMIME rcpt=<peer@fixture.ts.test> bytes=558
14:17:44 SMTP DATA mode=accept from=<primary@ts.test> BODY=8BITMIME rcpt=<peer@fixture.ts.test> bytes=605
14:17:44 SMTP STORED 1791033464.778-3ce88ca0.eml
