
> thunderstream@0.1.8 test
> node --test tests/*.test.js

✔ manager renders inert names and explicit unavailable membership (10.090958ms)
✔ manager creates a group from checked native account IDs (4.186666ms)
✔ manager edits live membership and deletes by canonical group ID (1.029709ms)
✔ manager failure retains edit values and allows retry (0.7355ms)
✔ manager account-list failure disables saves and reports reason (0.596458ms)
✔ palette group change preserves query and uses the new token (3.593ms)
✔ failed palette group switch restores selector and old usable token (0.904416ms)
✔ palette manager opens against captured palette context (0.70425ms)
✔ All accounts is the initial scope and retains native unified navigation (16.492333ms)
✔ selecting a group filters folder destinations and revokes the earlier token (2.758458ms)
✔ saved group is restored on next palette and All accounts can be restored explicitly (3.988875ms)
✔ grouped navigation uses the original mail tab and exact returned folder ID (5.756792ms)
✔ group changes in another window do not retarget an already open All palette (7.328292ms)
✔ deleted saved group warns and falls back to All accounts (2.468708ms)
✔ group with no remaining accounts warns and falls back to All accounts (2.010834ms)
✔ partly removed group retains only live accounts and exposes its missing membership (3.65175ms)
✔ missing group request cannot change persisted preference or current palette token (3.675334ms)
✔ editing group membership invalidates a stale grouped navigation request (5.332667ms)
✔ group manager returns account names and strips extra stored fields (3.121209ms)
✔ saving a named group stores only validated membership without overwriting other settings (2.661666ms)
✔ empty or unknown account membership is rejected without a saved group (1.129584ms)
✔ reserved duplicate and overlong group names are rejected (1.040167ms)
✔ concurrent creates retain both groups (2.155875ms)
✔ deleting the selected group restores All and preserves other groups (3.355ms)
✔ settings reset clears groups and selection along with extension settings (3.472167ms)
✔ account listing failure keeps ordinary palette actions usable with an explicit warning (6.2395ms)
✔ accounts disappearing during a group switch preserve the old selection and token (2.590834ms)
✔ group switches and commands cannot overlap within one palette session (3.775916ms)
✔ grouped tag destinations use current-folder filters instead of cross-account virtual folders (8.085083ms)
✔ edited groups do not block original-selection mail actions (2.056667ms)
✔ account-list outage does not block captured mail actions in grouped palette (1.455125ms)
✔ manager membership edits serialize behind an in-flight grouped native navigation (8.998667ms)
✔ localizedInboxUsesFolderType (1.568292ms)
✔ unifiedSelectionUsesOriginalAccount (0.3435ms)
✔ current account is marked and unified inbox comes first when Thunderbird shows unified folders (0.271209ms)
✔ no unified inbox command when Thunderbird has no unified folders (0.159ms)
✔ navigation only changes the displayed folder of a mail tab (0.215708ms)
✔ tag navigation opens the virtual tag folder when the tags mode is on, else filters the current folder (0.160541ms)
✔ virtual folders are not offered as navigable when their folder-pane mode is off (native 157 failure) (1.225625ms)
✔ a tag folder that cannot be displayed falls back to filtering by tag (0.115458ms)
✔ a non-tag folder that cannot be displayed reports failure without side effects (0.092875ms)
✔ ordinary nested folders are discoverable with full path and account context (0.663334ms)
✔ native Favorites are ranked once including favorite special-use folders (0.211083ms)
✔ all-folder discovery excludes account roots and virtual tag/unified destinations (0.264125ms)
✔ an empty Favorite set retains every ordinary destination without duplicates (0.342958ms)
✔ unavailable Favorite discovery does not hide ordinary folders (0.321042ms)
✔ unavailable broad discovery preserves existing special-use destinations (0.396666ms)
✔ deleted or renamed destinations fail before changing the original tab (0.295625ms)
✔ fresh folder resolution must keep the captured account and exact folder identity (0.096333ms)
✔ an account root cannot become a navigation destination (0.182417ms)
✔ an explicitly unavailable destination cannot be opened directly (0.128291ms)
✔ unified mode turned off after palette initialization fails without changing modes (0.279125ms)
✔ a tag destination whose mode was turned off uses the original-folder filter (0.1235ms)
✔ a removed virtual tag folder falls back to filtering without attempting display (0.309209ms)
✔ missingSidebarDisablesOnlySidebar (1.3345ms)
✔ stylesRemovedOnCleanup (0.27875ms)
✔ senderAndWarningsRemainVisible (2.71475ms)
✔ allFoldersRemainReachable (0.095833ms)
✔ densityChangesOnlyChrome (0.069625ms)
✔ native search and Send Later shortcuts are not claimed (3.192584ms)
✔ reply identity suggestion follows the recipient alias, not the account default (9.318125ms)
✔ background routes confirmed identity using original message (14.495709ms)
✔ background publishes archive failure outside compose popup (2.518042ms)
✔ settings reset does not depend on closed layout tab (3.556583ms)
✔ new persistent layout changes are gated until disable restoration is verified (1.461708ms)
✔ port requests reply on the port and tolerate a popup that already closed (N18) (3.212792ms)
✔ missingApiDisablesOnlyItsFeature (0.614917ms)
✔ broken version detection fails softly (0.144625ms)
✔ queryRanksCommonCommands (0.579625ms)
✔ paletteRetainsSourceTab (0.237583ms)
✔ disabledCommandDoesNotRun (0.079791ms)
✔ maliciousTextRendersAsText (0.0595ms)
✔ scope is the replied-to message plus referenced ancestors in the same folder (2.81175ms)
✔ scope never includes newer replies, other folders, or subject-only matches (0.1695ms)
✔ unreadable headers fall back to the replied-to message only and report incomplete (0.125375ms)
✔ Send & Archive archives the planned conversation once, after a confirmed send (0.305125ms)
✔ messages that arrive or move during sending do not change the archive set (0.166791ms)
✔ unconfirmed send archives nothing from the conversation (0.139167ms)
✔ if the replied-to message moved during sending, nothing is archived and the user is told (0.138958ms)
✔ search preview shows exact literal query and returned label scope (6.575042ms)
✔ operator suggestion appends without replacing selected literal text or searching (1.690667ms)
✔ operator suggestion preserves existing trailing whitespace and offers editable operators (3.486ms)
✔ date suggestions append chosen date and do not alter scope (5.069ms)
✔ suggestion clears a pending search and discards its late response (3.123ms)
✔ scope edit clears results and hides pagination while retaining the literal query (1.358791ms)
✔ suggestions respect composition and become available after composition ends (1.948833ms)
✔ suggestions refuse over-limit queries without losing text or cancelling results (5.513ms)
✔ disconnected page disables suggestions and date controls (0.736125ms)
✔ pagination uses captured query and label, not fresh UI input (4.411542ms)
✔ late old query cannot replace a new query session (0.162542ms)
✔ native viewer receives exact server bytes, no ambiguous header lookup (0.803916ms)
✔ failed metadata, changed account and incomplete bytes never open or imply empty results (0.215791ms)
✔ untrusted sender and another tab cannot read a search session (0.703458ms)
✔ disconnect invalidates previous read sessions (0.143417ms)
✔ Spam and Trash inclusion stays bound to the paginated search (0.136166ms)
✔ native disconnection rejects pending requests and does not retry (0.46675ms)
✔ a retired helper port cannot interrupt a replacement request (0.202125ms)
✔ sender chooser recovers and explains an unexpected port disconnect (5.359834ms)
✔ sender chooser exposes address account and suggestion as separate inert text (0.670458ms)
✔ confirmed identity passed to native reply (11.611375ms)
✔ stale identity does not open compose (0.170042ms)
✔ confirmed identity passed to native forward (0.163375ms)
✔ reply suggestion is the identity the message was addressed to, even when it is not the account default (native 157 behaviour) (0.158542ms)
✔ reply suggestion falls back to the message account default identity (0.124166ms)
✔ recipient match in the message account wins over the same address elsewhere (0.129792ms)
✔ suggested identity is always passed explicitly to compose (0.143084ms)
✔ compose suggestion is the default identity of the displayed account (0.955292ms)
✔ no suggestion when the message cannot be read; list stays alphabetical (2.244042ms)
✔ quoted display name cannot impersonate another configured recipient address (0.219791ms)
✔ flattened native group recipients preserve message-account identity priority (0.108333ms)
✔ all To Cc and Bcc mailboxes are parsed before matching the message account (0.101375ms)
✔ native parser failure uses account default instead of guessing a recipient (0.102208ms)
✔ unavailable mailbox parser keeps explicit choices and uses the account default (0.148458ms)
✔ missing parsed email never matches an empty configured identity (0.072125ms)
✔ nestedEditorIgnored (1.421334ms)
✔ imeIgnored (0.164125ms)
✔ modifierChordIgnored (0.235083ms)
✔ hashWithShiftRecognized (0.165792ms)
✔ unsupportedCommandNotConsumed (0.174083ms)
✔ active shadow editor ignored (0.135333ms)
✔ no selection prevents destructive key (0.122709ms)
✔ UK Mac Alt-produced hash can map to Trash in a verified profile (0.137833ms)
✔ restorePreservesLaterUserEdit (1.673041ms)
✔ applyTwicePreservesOriginal (0.376083ms)
✔ restore uses surviving tab when original tab disappears (0.18675ms)
✔ restore tracks panes separately for every changed tab (0.205459ms)
✔ restart preserves unresolved pane baselines and reports partial restore (1.209792ms)
✔ archive from a standalone message tab uses the displayed message (was no-selection natively) (1.2275ms)
✔ message tab that navigated to another message aborts instead of acting on it (0.156167ms)
✔ mail tab selection never silently falls back to displayed messages during validation (0.211834ms)
✔ message-display MessageList pages are followed (MV3 shape) (0.116458ms)
✔ tag list prefers messages.tags.list and avoids the deprecated listTags error (0.295084ms)
✔ manifest requests read-only tag listing used by messages.tags.list (4.903042ms)
✔ a compose tab with an attempted send reports locked so the popup cannot invite a retry (0.726084ms)
✔ SMTP rejection that resolves without a sent header never archives (observed natively on 157) (0.11975ms)
✔ palette error codes are shown as sentences, not raw identifiers (0.162667ms)
✔ compose init reports locked state from the background (9.143708ms)
✔ plain words search sender, recipients and subject (2.537166ms)
✔ one scoped field maps to that Quick Filter field (0.146333ms)
✔ flags and tags combine with text (0.127958ms)
✔ unsupported syntax is reported, never silently dropped (0.388667ms)
✔ two different text terms are unsupported because Quick Filter matches one text (0.333125ms)
✔ unknown tag is reported (0.24025ms)
✔ empty query applies nothing (0.142417ms)
✔ background search applies Quick Filter only to a mail tab and refuses unsupported syntax (13.609791ms)
✔ in a message tab, mail-tab-only commands and search are shown unavailable rather than failing (1.835666ms)
✔ consumeAllSelectionPages (1.944ms)
✔ staleSelectionAborts (1.183709ms)
✔ missingMessageAborts (0.434166ms)
✔ stable list ID across pages is valid (0.236375ms)
✔ successfulImmediateSendArchivesOriginal (1.107541ms)
✔ failedSendDoesNotArchive (0.137125ms)
✔ queuedSendDoesNotArchive (0.103709ms)
✔ duplicateClickDoesNotSendTwice (3.413667ms)
✔ archiveFailureDoesNotResend (0.67575ms)
✔ missingRelatedMessageDisablesAction (0.123459ms)
✔ closedComposeStillUsesCapturedOriginal (0.134041ms)
✔ ambiguous success never archives (0.108791ms)
✔ send rejection remains locked until the compose tab closes (0.180875ms)
✔ ambiguous send cannot be retried automatically (0.127334ms)
✔ offline action returns without attempting delivery or archiving (0.075209ms)
✔ going online permits an explicit retry of an unattempted offline action (0.102166ms)
✔ going offline while preparing the archive plan prevents delivery (0.078541ms)
✔ failure result survives a later successful compose operation (1.653083ms)
✔ duplicate invocation does not replace a send result (1.074375ms)
✔ simultaneous send results preserve both compose outcomes (0.196041ms)
✔ loadDefaults (1.086084ms)
✔ migrateInvalidSettings (0.448ms)
✔ save strips unsupported fields (1.642959ms)
✔ focused Leave unchanged discards its pending tag without submitting (4.588708ms)
✔ tagDeltaPreservesOtherTags (2.41875ms)
✔ removeTagNeverDeletes (0.505542ms)
✔ deletedTagIsRejected (0.178166ms)
✔ tags read each header immediately before its write (0.388792ms)
✔ tag partial failure reports message outcomes (0.414125ms)
✔ archiveUsesNativeApi (2.215291ms)
✔ trashIsNotPermanent (0.6775ms)
✔ starUsesUniformSelectionTarget (0.413958ms)
✔ changed selection never mutates (0.170583ms)
✔ no trash folder aborts before any moves (0.167ms)
✔ mixed star selection is starred uniformly (0.183208ms)
✔ mid-batch star failure reports completed and uncertain message IDs (0.214833ms)
✔ multi-account trash failure does not hide completed first account (1.279875ms)
✔ IME enter does not execute palette action (0.486333ms)
✔ IME enter and escape neither apply tags nor close picker (0.096542ms)
✔ normal Enter applies tags exactly once (0.072125ms)
✔ picker navigation skips disabled commands (0.145333ms)
✔ Enter on a tag row button leaves native button activation intact (0.066958ms)
✔ account selector retains native arrow keys without palette navigation (0.054375ms)
✔ unsupportedVersionAttachesNothing (0.481125ms)
✔ partialAttachCleansUp (0.493958ms)
✔ repeatAttachDoesNotDuplicate (0.235208ms)
✔ shutdownRestoresNativeKeys (0.170166ms)
✔ untrustedSenderRejected (0.261833ms)
✔ planned native next and previous commands are allowlisted consistently (0.166667ms)
ℹ tests 195
ℹ suites 0
ℹ pass 195
ℹ fail 0
ℹ cancelled 0
ℹ skipped 0
ℹ todo 0
ℹ duration_ms 346.348667
