✔ launch captures original window and opens a tab with an ephemeral token (3.353834ms)
✔ list returns selected and unique same-folder references as metadata only (0.954916ms)
✔ exact selected reference opens by native ID in the captured window (0.289541ms)
✔ changed source selection rejects launching a stale palette (0.104667ms)
✔ multiple selected messages do not launch an inferred conversation (0.10125ms)
✔ getHeaders absence gates the view without a body fallback (0.058875ms)
✔ external or accountless anchor is rejected (0.078584ms)
✔ reference query verifies exact folder account and RFC header instead of trusting returned matches (0.198416ms)
✔ duplicate exact header matches are ambiguous and excluded (0.168333ms)
✔ pagination checks later duplicate and aborts outstanding cursor (0.215375ms)
✔ pagination failure after a first match does not claim a unique result (0.182375ms)
✔ offline anchor headers retain selected message with an explicit unavailable count (0.134458ms)
✔ newer unrelated same-subject messages are never queried or included (0.1895ms)
✔ header bound reports truncation and queries only the latest fifty unique IDs (0.371125ms)
✔ moved or reused anchor is rejected before metadata or opening (0.090459ms)
✔ opening must be initialized and limited to the returned allowlist (0.125084ms)
✔ moved reference cannot open even when its transient ID still resolves (0.13125ms)
✔ new duplicate reference invalidates a previously unique choice (0.0955ms)
✔ source selection change after launch does not retarget the anchored list (0.167458ms)
✔ wrong tab or window cannot use another navigator token (0.117083ms)
✔ expired or closed navigator session cannot list or open (0.118625ms)
✔ native open failure permits retry without claiming success (0.175292ms)
✔ concurrent native open is rejected while the first request is pending (0.123791ms)
✔ navigator closed during header read discards metadata (0.0865ms)
✔ background palette gates references and uses captured window for the new view (4.314333ms)
✔ target moved during unique reference lookup is rechecked before native open (0.190459ms)
✔ initial page request waits for native tab creation before checking owner (0.105834ms)
✔ query page bound aborts an incomplete lookup instead of claiming missing (0.13075ms)
✔ direct parent remains inside the reference limit regardless of native header property order (0.508959ms)
✔ source tab closure leaves the explicitly anchored navigator usable (0.088125ms)
✔ navigator expires during a lookup and returns no usable metadata (0.116834ms)
✔ other extension page cannot use the reference token even in the same owner tab (0.060375ms)
✔ reference page exposes original account folder and separate inert message metadata (15.355584ms)
✔ native open uses the clicked item ID and retains the page on success (1.683042ms)
✔ open failure restores native buttons for retry (0.828583ms)
✔ reference issue counts and selected-only empty state are explicit (0.687417ms)
✔ refresh recovers after init failure without enabling unseen actions (0.77675ms)
✔ stale target disables cached opens until a successful refresh (0.742208ms)
✔ missing page token gives a reopen message without a runtime request (0.402583ms)
ℹ tests 39
ℹ suites 0
ℹ pass 39
ℹ fail 0
ℹ cancelled 0
ℹ skipped 0
ℹ todo 0
ℹ duration_ms 72.72
