
> thunderstream@0.1.9 test
> node --test tests/*.test.js

✔ manager renders inert names and explicit unavailable membership (5.58175ms)
✔ manager creates a group from checked native account IDs (3.243541ms)
✔ manager edits live membership and deletes by canonical group ID (1.355209ms)
✔ manager failure retains edit values and allows retry (0.698583ms)
✔ manager account-list failure disables saves and reports reason (0.616542ms)
✔ palette group change preserves query and uses the new token (3.967458ms)
✔ failed palette group switch restores selector and old usable token (0.956459ms)
✔ palette manager opens against captured palette context (0.7555ms)
✔ All accounts is the initial scope and retains native unified navigation (16.067875ms)
✔ selecting a group filters folder destinations and revokes the earlier token (3.139125ms)
✔ saved group is restored on next palette and All accounts can be restored explicitly (4.277792ms)
✔ grouped navigation uses the original mail tab and exact returned folder ID (3.170542ms)
✔ group changes in another window do not retarget an already open All palette (2.69975ms)
✔ deleted saved group warns and falls back to All accounts (3.675542ms)
✔ group with no remaining accounts warns and falls back to All accounts (1.423416ms)
✔ partly removed group retains only live accounts and exposes its missing membership (1.2925ms)
✔ missing group request cannot change persisted preference or current palette token (1.313625ms)
✔ editing group membership invalidates a stale grouped navigation request (1.979458ms)
✔ group manager returns account names and strips extra stored fields (0.996292ms)
✔ saving a named group stores only validated membership without overwriting other settings (2.978291ms)
✔ empty or unknown account membership is rejected without a saved group (1.747083ms)
✔ reserved duplicate and overlong group names are rejected (1.049667ms)
✔ concurrent creates retain both groups (1.43075ms)
✔ deleting the selected group restores All and preserves other groups (2.840625ms)
✔ settings reset clears groups and selection along with extension settings (2.477833ms)
✔ account listing failure keeps ordinary palette actions usable with an explicit warning (2.348917ms)
✔ accounts disappearing during a group switch preserve the old selection and token (2.075042ms)
✔ group switches and commands cannot overlap within one palette session (3.95975ms)
✔ grouped tag destinations use current-folder filters instead of cross-account virtual folders (3.647875ms)
✔ edited groups do not block original-selection mail actions (1.865459ms)
✔ account-list outage does not block captured mail actions in grouped palette (1.532833ms)
✔ manager membership edits serialize behind an in-flight grouped native navigation (6.323166ms)
✔ localizedInboxUsesFolderType (1.205ms)
✔ unifiedSelectionUsesOriginalAccount (0.31125ms)
✔ current account is marked and unified inbox comes first when Thunderbird shows unified folders (0.29825ms)
✔ no unified inbox command when Thunderbird has no unified folders (0.422541ms)
✔ navigation only changes the displayed folder of a mail tab (0.554666ms)
✔ tag navigation opens the virtual tag folder when the tags mode is on, else filters the current folder (0.399208ms)
✔ virtual folders are not offered as navigable when their folder-pane mode is off (native 157 failure) (2.719209ms)
✔ a tag folder that cannot be displayed falls back to filtering by tag (0.244375ms)
✔ a non-tag folder that cannot be displayed reports failure without side effects (0.194625ms)
✔ ordinary nested folders are discoverable with full path and account context (0.422083ms)
✔ native Favorites are ranked once including favorite special-use folders (0.435334ms)
✔ all-folder discovery excludes account roots and virtual tag/unified destinations (0.402875ms)
✔ an empty Favorite set retains every ordinary destination without duplicates (0.541333ms)
✔ unavailable Favorite discovery does not hide ordinary folders (0.32075ms)
✔ unavailable broad discovery preserves existing special-use destinations (0.414959ms)
✔ deleted or renamed destinations fail before changing the original tab (0.185791ms)
✔ fresh folder resolution must keep the captured account and exact folder identity (0.101042ms)
✔ an account root cannot become a navigation destination (0.057375ms)
✔ an explicitly unavailable destination cannot be opened directly (0.036209ms)
✔ unified mode turned off after palette initialization fails without changing modes (0.122875ms)
✔ a tag destination whose mode was turned off uses the original-folder filter (0.079667ms)
✔ a removed virtual tag folder falls back to filtering without attempting display (0.067708ms)
✔ missingSidebarDisablesOnlySidebar (0.549834ms)
✔ stylesRemovedOnCleanup (0.101291ms)
✔ senderAndWarningsRemainVisible (0.62475ms)
✔ allFoldersRemainReachable (0.092542ms)
✔ densityChangesOnlyChrome (0.066917ms)
✔ native search and Send Later shortcuts are not claimed (3.285417ms)
✔ reply identity suggestion follows the recipient alias, not the account default (11.049333ms)
✔ background routes confirmed identity using original message (16.236542ms)
✔ background publishes archive failure outside compose popup (2.679291ms)
✔ settings reset does not depend on closed layout tab (1.57325ms)
✔ new persistent layout changes are gated until disable restoration is verified (2.675208ms)
✔ port requests reply on the port and tolerate a popup that already closed (N18) (1.449125ms)
✔ missingApiDisablesOnlyItsFeature (0.579417ms)
✔ broken version detection fails softly (0.119416ms)
✔ queryRanksCommonCommands (0.546167ms)
✔ paletteRetainsSourceTab (0.234708ms)
✔ disabledCommandDoesNotRun (0.082583ms)
✔ maliciousTextRendersAsText (0.062042ms)
✔ scope is the replied-to message plus referenced ancestors in the same folder (2.586625ms)
✔ scope never includes newer replies, other folders, or subject-only matches (0.325375ms)
✔ unreadable headers fall back to the replied-to message only and report incomplete (0.255458ms)
✔ Send & Archive archives the planned conversation once, after a confirmed send (0.661125ms)
✔ messages that arrive or move during sending do not change the archive set (0.699459ms)
✔ unconfirmed send archives nothing from the conversation (0.188833ms)
✔ if the replied-to message moved during sending, nothing is archived and the user is told (0.152666ms)
✔ search preview shows exact literal query and returned label scope (8.093833ms)
✔ operator suggestion appends without replacing selected literal text or searching (1.902958ms)
✔ operator suggestion preserves existing trailing whitespace and offers editable operators (2.525042ms)
✔ date suggestions append chosen date and do not alter scope (2.678375ms)
✔ suggestion clears a pending search and discards its late response (3.106292ms)
✔ scope edit clears results and hides pagination while retaining the literal query (2.552292ms)
✔ suggestions respect composition and become available after composition ends (2.158ms)
✔ suggestions refuse over-limit queries without losing text or cancelling results (1.861583ms)
✔ disconnected page disables suggestions and date controls (0.8335ms)
✔ pagination uses captured query and label, not fresh UI input (3.067458ms)
✔ late old query cannot replace a new query session (0.153459ms)
✔ native viewer receives exact server bytes, no ambiguous header lookup (0.755375ms)
✔ failed metadata, changed account and incomplete bytes never open or imply empty results (0.181333ms)
✔ untrusted sender and another tab cannot read a search session (0.584834ms)
✔ disconnect invalidates previous read sessions (0.097125ms)
✔ Spam and Trash inclusion stays bound to the paginated search (0.110667ms)
✔ native disconnection rejects pending requests and does not retry (0.395084ms)
✔ a retired helper port cannot interrupt a replacement request (0.176375ms)
✔ sender chooser recovers and explains an unexpected port disconnect (3.437292ms)
✔ sender chooser exposes address account and suggestion as separate inert text (0.639833ms)
✔ confirmed identity passed to native reply (8.209584ms)
✔ stale identity does not open compose (0.583459ms)
✔ confirmed identity passed to native forward (0.502917ms)
✔ reply suggestion is the identity the message was addressed to, even when it is not the account default (native 157 behaviour) (0.392166ms)
✔ reply suggestion falls back to the message account default identity (0.327291ms)
✔ recipient match in the message account wins over the same address elsewhere (0.276958ms)
✔ suggested identity is always passed explicitly to compose (0.197625ms)
✔ compose suggestion is the default identity of the displayed account (0.965292ms)
✔ no suggestion when the message cannot be read; list stays alphabetical (0.370208ms)
✔ quoted display name cannot impersonate another configured recipient address (0.4545ms)
✔ flattened native group recipients preserve message-account identity priority (0.252125ms)
✔ all To Cc and Bcc mailboxes are parsed before matching the message account (0.259625ms)
✔ native parser failure uses account default instead of guessing a recipient (0.246083ms)
✔ unavailable mailbox parser keeps explicit choices and uses the account default (0.361583ms)
✔ missing parsed email never matches an empty configured identity (0.18725ms)
✔ nestedEditorIgnored (0.496917ms)
✔ imeIgnored (0.067292ms)
✔ modifierChordIgnored (0.130125ms)
✔ hashWithShiftRecognized (0.078083ms)
✔ unsupportedCommandNotConsumed (0.060667ms)
✔ active shadow editor ignored (0.219542ms)
✔ no selection prevents destructive key (0.147666ms)
✔ UK Mac Alt-produced hash can map to Trash in a verified profile (0.1735ms)
✔ restorePreservesLaterUserEdit (0.795458ms)
✔ applyTwicePreservesOriginal (0.16875ms)
✔ restore uses surviving tab when original tab disappears (0.138209ms)
✔ restore tracks panes separately for every changed tab (0.17875ms)
✔ restart preserves unresolved pane baselines and reports partial restore (2.01025ms)
✔ archive from a standalone message tab uses the displayed message (was no-selection natively) (1.996917ms)
✔ message tab that navigated to another message aborts instead of acting on it (0.31725ms)
✔ mail tab selection never silently falls back to displayed messages during validation (0.445584ms)
✔ message-display MessageList pages are followed (MV3 shape) (0.27375ms)
✔ tag list prefers messages.tags.list and avoids the deprecated listTags error (0.590041ms)
✔ manifest requests read-only tag listing used by messages.tags.list (4.497ms)
✔ a compose tab with an attempted send reports locked so the popup cannot invite a retry (0.447042ms)
✔ SMTP rejection that resolves without a sent header never archives (observed natively on 157) (0.127542ms)
✔ palette error codes are shown as sentences, not raw identifiers (0.175292ms)
✔ compose init reports locked state from the background (5.617584ms)
✔ launch captures original window and opens a tab with an ephemeral token (5.161625ms)
✔ list returns selected and unique same-folder references as metadata only (2.274334ms)
✔ exact selected reference opens by native ID in the captured window (0.742417ms)
✔ changed source selection rejects launching a stale palette (0.239292ms)
✔ multiple selected messages do not launch an inferred conversation (0.223209ms)
✔ getHeaders absence gates the view without a body fallback (0.151042ms)
✔ external or accountless anchor is rejected (0.231083ms)
✔ reference query verifies exact folder account and RFC header instead of trusting returned matches (0.451708ms)
✔ duplicate exact header matches are ambiguous and excluded (0.277125ms)
✔ pagination checks later duplicate and aborts outstanding cursor (0.26575ms)
✔ pagination failure after a first match does not claim a unique result (0.212ms)
✔ offline anchor headers retain selected message with an explicit unavailable count (0.15475ms)
✔ newer unrelated same-subject messages are never queried or included (0.192041ms)
✔ header bound reports truncation and queries only the latest fifty unique IDs (0.391458ms)
✔ moved or reused anchor is rejected before metadata or opening (0.106084ms)
✔ opening must be initialized and limited to the returned allowlist (0.144875ms)
✔ moved reference cannot open even when its transient ID still resolves (0.13525ms)
✔ new duplicate reference invalidates a previously unique choice (0.140209ms)
✔ source selection change after launch does not retarget the anchored list (0.166208ms)
✔ wrong tab or window cannot use another navigator token (0.101708ms)
✔ expired or closed navigator session cannot list or open (0.12425ms)
✔ native open failure permits retry without claiming success (0.202583ms)
✔ concurrent native open is rejected while the first request is pending (0.1485ms)
✔ navigator closed during header read discards metadata (3.683958ms)
✔ background palette gates references and uses captured window for the new view (8.50375ms)
✔ target moved during unique reference lookup is rechecked before native open (0.270584ms)
✔ initial page request waits for native tab creation before checking owner (0.151ms)
✔ query page bound aborts an incomplete lookup instead of claiming missing (0.136459ms)
✔ direct parent remains inside the reference limit regardless of native header property order (0.289209ms)
✔ source tab closure leaves the explicitly anchored navigator usable (0.076291ms)
✔ navigator expires during a lookup and returns no usable metadata (0.092042ms)
✔ other extension page cannot use the reference token even in the same owner tab (0.068041ms)
✔ reference page exposes original account folder and separate inert message metadata (30.977792ms)
✔ native open uses the clicked item ID and retains the page on success (1.875375ms)
✔ open failure restores native buttons for retry (0.964834ms)
✔ reference issue counts and selected-only empty state are explicit (0.701458ms)
✔ refresh recovers after init failure without enabling unseen actions (0.697458ms)
✔ stale target disables cached opens until a successful refresh (0.650834ms)
✔ missing page token gives a reopen message without a runtime request (0.389666ms)
✔ unreadable anchor headers show an unknown-list warning without inventing a reference count (0.547959ms)
✔ plain words search sender, recipients and subject (2.186375ms)
✔ one scoped field maps to that Quick Filter field (0.098209ms)
✔ flags and tags combine with text (0.14225ms)
✔ unsupported syntax is reported, never silently dropped (0.188042ms)
✔ two different text terms are unsupported because Quick Filter matches one text (0.141792ms)
✔ unknown tag is reported (0.133167ms)
✔ empty query applies nothing (0.061125ms)
✔ background search applies Quick Filter only to a mail tab and refuses unsupported syntax (10.153916ms)
✔ in a message tab, mail-tab-only commands and search are shown unavailable rather than failing (3.981792ms)
✔ consumeAllSelectionPages (1.091834ms)
✔ staleSelectionAborts (0.4145ms)
✔ missingMessageAborts (0.144083ms)
✔ stable list ID across pages is valid (0.101625ms)
✔ successfulImmediateSendArchivesOriginal (1.120209ms)
✔ failedSendDoesNotArchive (0.134583ms)
✔ queuedSendDoesNotArchive (0.101417ms)
✔ duplicateClickDoesNotSendTwice (2.921625ms)
✔ archiveFailureDoesNotResend (0.449875ms)
✔ missingRelatedMessageDisablesAction (0.153042ms)
✔ closedComposeStillUsesCapturedOriginal (0.2385ms)
✔ ambiguous success never archives (0.199334ms)
✔ send rejection remains locked until the compose tab closes (0.335917ms)
✔ ambiguous send cannot be retried automatically (0.266084ms)
✔ offline action returns without attempting delivery or archiving (0.143167ms)
✔ going online permits an explicit retry of an unattempted offline action (0.212042ms)
✔ going offline while preparing the archive plan prevents delivery (0.177458ms)
✔ failure result survives a later successful compose operation (0.892208ms)
✔ duplicate invocation does not replace a send result (0.949167ms)
✔ simultaneous send results preserve both compose outcomes (0.18175ms)
✔ loadDefaults (0.447208ms)
✔ migrateInvalidSettings (0.388583ms)
✔ save strips unsupported fields (1.028458ms)
✔ focused Leave unchanged discards its pending tag without submitting (3.828875ms)
✔ tagDeltaPreservesOtherTags (1.077292ms)
✔ removeTagNeverDeletes (0.196083ms)
✔ deletedTagIsRejected (0.075459ms)
✔ tags read each header immediately before its write (0.16625ms)
✔ tag partial failure reports message outcomes (0.176917ms)
✔ archiveUsesNativeApi (1.226416ms)
✔ trashIsNotPermanent (0.268875ms)
✔ starUsesUniformSelectionTarget (0.157083ms)
✔ changed selection never mutates (0.115583ms)
✔ no trash folder aborts before any moves (0.115ms)
✔ mixed star selection is starred uniformly (0.116875ms)
✔ mid-batch star failure reports completed and uncertain message IDs (0.179375ms)
✔ multi-account trash failure does not hide completed first account (0.521167ms)
✔ IME enter does not execute palette action (0.46475ms)
✔ IME enter and escape neither apply tags nor close picker (0.084084ms)
✔ normal Enter applies tags exactly once (0.067541ms)
✔ picker navigation skips disabled commands (0.204834ms)
✔ Enter on a tag row button leaves native button activation intact (0.081292ms)
✔ account selector retains native arrow keys without palette navigation (0.058042ms)
✔ unsupportedVersionAttachesNothing (0.44525ms)
✔ partialAttachCleansUp (0.12575ms)
✔ repeatAttachDoesNotDuplicate (0.093708ms)
✔ shutdownRestoresNativeKeys (0.067542ms)
✔ untrustedSenderRejected (0.085ms)
✔ planned native next and previous commands are allowlisted consistently (0.055459ms)
ℹ tests 235
ℹ suites 0
ℹ pass 235
ℹ fail 0
ℹ cancelled 0
ℹ skipped 0
ℹ todo 0
ℹ duration_ms 353.279042
