✔ launch captures original window and opens a tab with an ephemeral token (5.044916ms)
✔ list returns selected and unique same-folder references as metadata only (2.898ms)
✔ exact selected reference opens by native ID in the captured window (0.305625ms)
✔ changed source selection rejects launching a stale palette (0.102833ms)
✔ multiple selected messages do not launch an inferred conversation (0.093167ms)
✔ getHeaders absence gates the view without a body fallback (0.066709ms)
✔ external or accountless anchor is rejected (0.102375ms)
✔ reference query verifies exact folder account and RFC header instead of trusting returned matches (0.202333ms)
✔ duplicate exact header matches are ambiguous and excluded (0.168417ms)
✔ pagination checks later duplicate and aborts outstanding cursor (0.213292ms)
✔ pagination failure after a first match does not claim a unique result (0.180875ms)
✔ offline anchor headers retain selected message with an explicit unavailable count (0.127792ms)
✔ newer unrelated same-subject messages are never queried or included (0.162ms)
✔ header bound reports truncation and queries only the latest fifty unique IDs (0.35325ms)
✔ moved or reused anchor is rejected before metadata or opening (0.098666ms)
✔ opening must be initialized and limited to the returned allowlist (0.124584ms)
✔ moved reference cannot open even when its transient ID still resolves (0.115917ms)
✔ new duplicate reference invalidates a previously unique choice (0.10175ms)
✔ source selection change after launch does not retarget the anchored list (0.108667ms)
✔ wrong tab or window cannot use another navigator token (0.077459ms)
✔ expired or closed navigator session cannot list or open (0.086042ms)
✔ native open failure permits retry without claiming success (0.13225ms)
✔ concurrent native open is rejected while the first request is pending (0.121417ms)
✔ navigator closed during header read discards metadata (0.084ms)
✔ background palette gates references and uses captured window for the new view (7.464875ms)
✔ reference page exposes original account folder and separate inert message metadata (33.18225ms)
✔ native open uses the clicked item ID and retains the page on success (1.626583ms)
✔ open failure restores native buttons for retry (0.81775ms)
✔ reference issue counts and selected-only empty state are explicit (0.751709ms)
✔ refresh recovers after init failure without enabling unseen actions (0.748917ms)
✔ stale target disables cached opens until a successful refresh (0.658875ms)
✔ missing page token gives a reopen message without a runtime request (0.384208ms)
ℹ tests 32
ℹ suites 0
ℹ pass 32
ℹ fail 0
ℹ cancelled 0
ℹ skipped 0
ℹ todo 0
ℹ duration_ms 88.166292
