✔ launch captures original window and opens a tab with an ephemeral token (3.285416ms)
✔ list returns selected and unique same-folder references as metadata only (0.952125ms)
✔ exact selected reference opens by native ID in the captured window (0.293791ms)
✔ changed source selection rejects launching a stale palette (0.108542ms)
✔ multiple selected messages do not launch an inferred conversation (0.097958ms)
✔ getHeaders absence gates the view without a body fallback (0.059958ms)
✔ external or accountless anchor is rejected (0.107375ms)
✔ reference query verifies exact folder account and RFC header instead of trusting returned matches (0.196333ms)
✔ duplicate exact header matches are ambiguous and excluded (0.168917ms)
✔ pagination checks later duplicate and aborts outstanding cursor (0.223083ms)
✔ pagination failure after a first match does not claim a unique result (0.186583ms)
✔ offline anchor headers retain selected message with an explicit unavailable count (0.139209ms)
✔ newer unrelated same-subject messages are never queried or included (0.17225ms)
✔ header bound reports truncation and queries only the latest fifty unique IDs (0.376792ms)
✔ moved or reused anchor is rejected before metadata or opening (0.174792ms)
✔ opening must be initialized and limited to the returned allowlist (0.196708ms)
✔ moved reference cannot open even when its transient ID still resolves (0.2115ms)
✔ new duplicate reference invalidates a previously unique choice (0.123833ms)
✔ source selection change after launch does not retarget the anchored list (0.144208ms)
✔ wrong tab or window cannot use another navigator token (0.067833ms)
✔ expired or closed navigator session cannot list or open (0.093417ms)
✔ native open failure permits retry without claiming success (0.168958ms)
✔ concurrent native open is rejected while the first request is pending (0.129917ms)
✔ navigator closed during header read discards metadata (0.438166ms)
✔ background palette gates references and uses captured window for the new view (3.902458ms)
✔ target moved during unique reference lookup is rechecked before native open (0.180542ms)
✔ initial page request waits for native tab creation before checking owner (0.098708ms)
✔ query page bound aborts an incomplete lookup instead of claiming missing (0.133458ms)
✔ direct parent remains inside the reference limit regardless of native header property order (0.268958ms)
✔ source tab closure leaves the explicitly anchored navigator usable (0.072625ms)
✔ navigator expires during a lookup and returns no usable metadata (0.087541ms)
✔ other extension page cannot use the reference token even in the same owner tab (0.054083ms)
✔ reference page exposes original account folder and separate inert message metadata (15.409708ms)
✔ native open uses the clicked item ID and retains the page on success (1.520208ms)
✔ open failure restores native buttons for retry (0.760125ms)
✔ reference issue counts and selected-only empty state are explicit (0.774542ms)
✔ refresh recovers after init failure without enabling unseen actions (0.651541ms)
✔ stale target disables cached opens until a successful refresh (0.601291ms)
✔ missing page token gives a reopen message without a runtime request (0.366792ms)
✔ unreadable anchor headers show an unknown-list warning without inventing a reference count (0.535458ms)
ℹ tests 40
ℹ suites 0
ℹ pass 40
ℹ fail 0
ℹ cancelled 0
ℹ skipped 0
ℹ todo 0
ℹ duration_ms 73.016667
